[2026-06-16T13:10:25.574+0530][gc] Using G1
[2026-06-16T13:10:25.596+0530][gc,init] Version: 17.0.19+10-1-24.04.2-Ubuntu (release)
[2026-06-16T13:10:25.596+0530][gc,init] CPUs: 16 total, 12 available
[2026-06-16T13:10:25.596+0530][gc,init] Memory: 7275M
[2026-06-16T13:10:25.596+0530][gc,init] Large Page Support: Disabled
[2026-06-16T13:10:25.596+0530][gc,init] NUMA Support: Disabled
[2026-06-16T13:10:25.596+0530][gc,init] Compressed Oops: Enabled (32-bit)
[2026-06-16T13:10:25.596+0530][gc,init] Heap Region Size: 1M
[2026-06-16T13:10:25.596+0530][gc,init] Heap Min Capacity: 1G
[2026-06-16T13:10:25.596+0530][gc,init] Heap Initial Capacity: 1G
[2026-06-16T13:10:25.596+0530][gc,init] Heap Max Capacity: 1G
[2026-06-16T13:10:25.596+0530][gc,init] Pre-touch: Disabled
[2026-06-16T13:10:25.596+0530][gc,init] Parallel Workers: 10
[2026-06-16T13:10:25.596+0530][gc,init] Concurrent Workers: 3
[2026-06-16T13:10:25.596+0530][gc,init] Concurrent Refinement Workers: 10
[2026-06-16T13:10:25.596+0530][gc,init] Periodic GC: Disabled
[2026-06-16T13:10:25.608+0530][gc,metaspace] CDS archive(s) mapped at: [0x00007e4a07000000-0x00007e4a07bc7000-0x00007e4a07bc7000), size 12349440, SharedBaseAddress: 0x00007e4a07000000, ArchiveRelocationMode: 1.
[2026-06-16T13:10:25.608+0530][gc,metaspace] Compressed class space mapped at: 0x00007e4a08000000-0x00007e4a48000000, reserved size: 1073741824
[2026-06-16T13:10:25.608+0530][gc,metaspace] Narrow klass base: 0x00007e4a07000000, Narrow klass shift: 0, Narrow klass range: 0x100000000
[2026-06-16T13:10:26.968+0530][gc,start    ] GC(0) Pause Young (Normal) (G1 Evacuation Pause)
[2026-06-16T13:10:26.970+0530][gc,task     ] GC(0) Using 10 workers of 10 for evacuation
[2026-06-16T13:10:26.974+0530][gc,phases   ] GC(0)   Pre Evacuate Collection Set: 0.14ms
[2026-06-16T13:10:26.975+0530][gc,phases   ] GC(0)   Merge Heap Roots: 0.17ms
[2026-06-16T13:10:26.975+0530][gc,phases   ] GC(0)   Evacuate Collection Set: 3.63ms
[2026-06-16T13:10:26.975+0530][gc,phases   ] GC(0)   Post Evacuate Collection Set: 0.53ms
[2026-06-16T13:10:26.975+0530][gc,phases   ] GC(0)   Other: 2.48ms
[2026-06-16T13:10:26.975+0530][gc,heap     ] GC(0) Eden regions: 51->0(44)
[2026-06-16T13:10:26.975+0530][gc,heap     ] GC(0) Survivor regions: 0->7(7)
[2026-06-16T13:10:26.975+0530][gc,heap     ] GC(0) Old regions: 0->1
[2026-06-16T13:10:26.975+0530][gc,heap     ] GC(0) Archive regions: 2->2
[2026-06-16T13:10:26.975+0530][gc,heap     ] GC(0) Humongous regions: 0->0
[2026-06-16T13:10:26.975+0530][gc,metaspace] GC(0) Metaspace: 18411K(18688K)->18411K(18688K) NonClass: 16238K(16384K)->16238K(16384K) Class: 2172K(2304K)->2172K(2304K)
[2026-06-16T13:10:26.975+0530][gc          ] GC(0) Pause Young (Normal) (G1 Evacuation Pause) 51M->8M(1024M) 7.188ms
[2026-06-16T13:10:26.975+0530][gc,cpu      ] GC(0) User=0.03s Sys=0.01s Real=0.01s
[2026-06-16T13:10:27.371+0530][gc,start    ] GC(1) Pause Young (Concurrent Start) (Metadata GC Threshold)
[2026-06-16T13:10:27.371+0530][gc,task     ] GC(1) Using 10 workers of 10 for evacuation
[2026-06-16T13:10:27.376+0530][gc,phases   ] GC(1)   Pre Evacuate Collection Set: 0.20ms
[2026-06-16T13:10:27.376+0530][gc,phases   ] GC(1)   Merge Heap Roots: 0.07ms
[2026-06-16T13:10:27.376+0530][gc,phases   ] GC(1)   Evacuate Collection Set: 4.11ms
[2026-06-16T13:10:27.376+0530][gc,phases   ] GC(1)   Post Evacuate Collection Set: 0.39ms
[2026-06-16T13:10:27.376+0530][gc,phases   ] GC(1)   Other: 0.29ms
[2026-06-16T13:10:27.376+0530][gc,heap     ] GC(1) Eden regions: 13->0(49)
[2026-06-16T13:10:27.376+0530][gc,heap     ] GC(1) Survivor regions: 7->2(7)
[2026-06-16T13:10:27.376+0530][gc,heap     ] GC(1) Old regions: 1->8
[2026-06-16T13:10:27.376+0530][gc,heap     ] GC(1) Archive regions: 2->2
[2026-06-16T13:10:27.376+0530][gc,heap     ] GC(1) Humongous regions: 129->129
[2026-06-16T13:10:27.377+0530][gc,metaspace] GC(1) Metaspace: 21255K(21504K)->21255K(21504K) NonClass: 18703K(18816K)->18703K(18816K) Class: 2552K(2688K)->2552K(2688K)
[2026-06-16T13:10:27.377+0530][gc          ] GC(1) Pause Young (Concurrent Start) (Metadata GC Threshold) 150M->139M(1024M) 5.232ms
[2026-06-16T13:10:27.377+0530][gc,cpu      ] GC(1) User=0.03s Sys=0.00s Real=0.00s
[2026-06-16T13:10:27.377+0530][gc          ] GC(2) Concurrent Mark Cycle
[2026-06-16T13:10:27.377+0530][gc,marking  ] GC(2) Concurrent Clear Claimed Marks
[2026-06-16T13:10:27.377+0530][gc,marking  ] GC(2) Concurrent Clear Claimed Marks 0.032ms
[2026-06-16T13:10:27.377+0530][gc,marking  ] GC(2) Concurrent Scan Root Regions
[2026-06-16T13:10:27.379+0530][gc,marking  ] GC(2) Concurrent Scan Root Regions 1.883ms
[2026-06-16T13:10:27.379+0530][gc,marking  ] GC(2) Concurrent Mark
[2026-06-16T13:10:27.379+0530][gc,marking  ] GC(2) Concurrent Mark From Roots
[2026-06-16T13:10:27.379+0530][gc,task     ] GC(2) Using 3 workers of 3 for marking
[2026-06-16T13:10:27.381+0530][gc,marking  ] GC(2) Concurrent Mark From Roots 1.906ms
[2026-06-16T13:10:27.381+0530][gc,marking  ] GC(2) Concurrent Preclean
[2026-06-16T13:10:27.381+0530][gc,marking  ] GC(2) Concurrent Preclean 0.131ms
[2026-06-16T13:10:27.381+0530][gc,start    ] GC(2) Pause Remark
[2026-06-16T13:10:27.382+0530][gc          ] GC(2) Pause Remark 139M->139M(1024M) 1.489ms
[2026-06-16T13:10:27.382+0530][gc,cpu      ] GC(2) User=0.01s Sys=0.00s Real=0.00s
[2026-06-16T13:10:27.382+0530][gc,marking  ] GC(2) Concurrent Mark 3.761ms
[2026-06-16T13:10:27.382+0530][gc,marking  ] GC(2) Concurrent Rebuild Remembered Sets
[2026-06-16T13:10:27.384+0530][gc,marking  ] GC(2) Concurrent Rebuild Remembered Sets 1.949ms
[2026-06-16T13:10:27.385+0530][gc,start    ] GC(2) Pause Cleanup
[2026-06-16T13:10:27.385+0530][gc          ] GC(2) Pause Cleanup 139M->139M(1024M) 0.160ms
[2026-06-16T13:10:27.385+0530][gc,cpu      ] GC(2) User=0.00s Sys=0.00s Real=0.00s
[2026-06-16T13:10:27.385+0530][gc,marking  ] GC(2) Concurrent Cleanup for Next Mark
[2026-06-16T13:10:27.390+0530][gc,marking  ] GC(2) Concurrent Cleanup for Next Mark 5.445ms
[2026-06-16T13:10:27.390+0530][gc          ] GC(2) Concurrent Mark Cycle 13.765ms
[2026-06-16T13:10:28.079+0530][gc,start    ] GC(3) Pause Young (Normal) (GCLocker Initiated GC)
[2026-06-16T13:10:28.079+0530][gc,task     ] GC(3) Using 10 workers of 10 for evacuation
[2026-06-16T13:10:28.083+0530][gc,phases   ] GC(3)   Pre Evacuate Collection Set: 0.11ms
[2026-06-16T13:10:28.083+0530][gc,phases   ] GC(3)   Merge Heap Roots: 0.06ms
[2026-06-16T13:10:28.083+0530][gc,phases   ] GC(3)   Evacuate Collection Set: 2.88ms
[2026-06-16T13:10:28.083+0530][gc,phases   ] GC(3)   Post Evacuate Collection Set: 0.48ms
[2026-06-16T13:10:28.083+0530][gc,phases   ] GC(3)   Other: 0.17ms
[2026-06-16T13:10:28.083+0530][gc,heap     ] GC(3) Eden regions: 49->0(44)
[2026-06-16T13:10:28.083+0530][gc,heap     ] GC(3) Survivor regions: 2->7(7)
[2026-06-16T13:10:28.083+0530][gc,heap     ] GC(3) Old regions: 8->8
[2026-06-16T13:10:28.083+0530][gc,heap     ] GC(3) Archive regions: 2->2
[2026-06-16T13:10:28.083+0530][gc,heap     ] GC(3) Humongous regions: 129->129
[2026-06-16T13:10:28.083+0530][gc,metaspace] GC(3) Metaspace: 32544K(32896K)->32544K(32896K) NonClass: 28927K(29120K)->28927K(29120K) Class: 3616K(3776K)->3616K(3776K)
[2026-06-16T13:10:28.083+0530][gc          ] GC(3) Pause Young (Normal) (GCLocker Initiated GC) 188M->143M(1024M) 3.867ms
[2026-06-16T13:10:28.083+0530][gc,cpu      ] GC(3) User=0.03s Sys=0.00s Real=0.01s
[2026-06-16T13:17:15.522+0530][gc,start    ] GC(4) Pause Young (Concurrent Start) (Metadata GC Threshold)
[2026-06-16T13:17:15.523+0530][gc,task     ] GC(4) Using 10 workers of 10 for evacuation
[2026-06-16T13:17:15.528+0530][gc,phases   ] GC(4)   Pre Evacuate Collection Set: 0.20ms
[2026-06-16T13:17:15.528+0530][gc,phases   ] GC(4)   Merge Heap Roots: 0.11ms
[2026-06-16T13:17:15.528+0530][gc,phases   ] GC(4)   Evacuate Collection Set: 4.25ms
[2026-06-16T13:17:15.528+0530][gc,phases   ] GC(4)   Post Evacuate Collection Set: 1.07ms
[2026-06-16T13:17:15.528+0530][gc,phases   ] GC(4)   Other: 0.32ms
[2026-06-16T13:17:15.529+0530][gc,heap     ] GC(4) Eden regions: 23->0(49)
[2026-06-16T13:17:15.529+0530][gc,heap     ] GC(4) Survivor regions: 7->2(7)
[2026-06-16T13:17:15.529+0530][gc,heap     ] GC(4) Old regions: 8->12
[2026-06-16T13:17:15.529+0530][gc,heap     ] GC(4) Archive regions: 2->2
[2026-06-16T13:17:15.529+0530][gc,heap     ] GC(4) Humongous regions: 129->0
[2026-06-16T13:17:15.529+0530][gc,metaspace] GC(4) Metaspace: 35735K(35968K)->35735K(35968K) NonClass: 31621K(31744K)->31621K(31744K) Class: 4114K(4224K)->4114K(4224K)
[2026-06-16T13:17:15.529+0530][gc          ] GC(4) Pause Young (Concurrent Start) (Metadata GC Threshold) 166M->13M(1024M) 6.189ms
[2026-06-16T13:17:15.529+0530][gc,cpu      ] GC(4) User=0.03s Sys=0.01s Real=0.00s
[2026-06-16T13:17:15.529+0530][gc          ] GC(5) Concurrent Mark Cycle
[2026-06-16T13:17:15.529+0530][gc,marking  ] GC(5) Concurrent Clear Claimed Marks
[2026-06-16T13:17:15.529+0530][gc,marking  ] GC(5) Concurrent Clear Claimed Marks 0.048ms
[2026-06-16T13:17:15.529+0530][gc,marking  ] GC(5) Concurrent Scan Root Regions
[2026-06-16T13:17:15.532+0530][gc,marking  ] GC(5) Concurrent Scan Root Regions 2.873ms
[2026-06-16T13:17:15.532+0530][gc,marking  ] GC(5) Concurrent Mark
[2026-06-16T13:17:15.532+0530][gc,marking  ] GC(5) Concurrent Mark From Roots
[2026-06-16T13:17:15.532+0530][gc,task     ] GC(5) Using 3 workers of 3 for marking
[2026-06-16T13:17:15.538+0530][gc,marking  ] GC(5) Concurrent Mark From Roots 5.824ms
[2026-06-16T13:17:15.538+0530][gc,marking  ] GC(5) Concurrent Preclean
[2026-06-16T13:17:15.538+0530][gc,marking  ] GC(5) Concurrent Preclean 0.237ms
[2026-06-16T13:17:15.538+0530][gc,start    ] GC(5) Pause Remark
[2026-06-16T13:17:15.540+0530][gc          ] GC(5) Pause Remark 14M->14M(1024M) 1.867ms
[2026-06-16T13:17:15.540+0530][gc,cpu      ] GC(5) User=0.01s Sys=0.00s Real=0.01s
[2026-06-16T13:17:15.540+0530][gc,marking  ] GC(5) Concurrent Mark 8.238ms
[2026-06-16T13:17:15.540+0530][gc,marking  ] GC(5) Concurrent Rebuild Remembered Sets
[2026-06-16T13:17:15.544+0530][gc,marking  ] GC(5) Concurrent Rebuild Remembered Sets 3.585ms
[2026-06-16T13:17:15.544+0530][gc,start    ] GC(5) Pause Cleanup
[2026-06-16T13:17:15.544+0530][gc          ] GC(5) Pause Cleanup 14M->14M(1024M) 0.177ms
[2026-06-16T13:17:15.544+0530][gc,cpu      ] GC(5) User=0.00s Sys=0.00s Real=0.00s
[2026-06-16T13:17:15.544+0530][gc,marking  ] GC(5) Concurrent Cleanup for Next Mark
[2026-06-16T13:17:15.550+0530][gc,marking  ] GC(5) Concurrent Cleanup for Next Mark 5.830ms
[2026-06-16T13:17:15.550+0530][gc          ] GC(5) Concurrent Mark Cycle 21.158ms
[2026-06-16T13:17:15.550+0530][gc,heap,exit] Heap
[2026-06-16T13:17:15.550+0530][gc,heap,exit]  garbage-first heap   total 1048576K, used 14435K [0x00000000c0000000, 0x0000000100000000)
[2026-06-16T13:17:15.550+0530][gc,heap,exit]   region size 1024K, 3 young (3072K), 2 survivors (2048K)
[2026-06-16T13:17:15.550+0530][gc,heap,exit]  Metaspace       used 35748K, committed 36096K, reserved 1114112K
[2026-06-16T13:17:15.550+0530][gc,heap,exit]   class space    used 4118K, committed 4288K, reserved 1048576K
