[2026-06-11T17:15:52.499+0530][gc] Using G1
[2026-06-11T17:15:52.509+0530][gc,init] Version: 17.0.19+10-1-24.04.2-Ubuntu (release)
[2026-06-11T17:15:52.509+0530][gc,init] CPUs: 16 total, 12 available
[2026-06-11T17:15:52.509+0530][gc,init] Memory: 7275M
[2026-06-11T17:15:52.509+0530][gc,init] Large Page Support: Disabled
[2026-06-11T17:15:52.509+0530][gc,init] NUMA Support: Disabled
[2026-06-11T17:15:52.509+0530][gc,init] Compressed Oops: Enabled (32-bit)
[2026-06-11T17:15:52.509+0530][gc,init] Heap Region Size: 1M
[2026-06-11T17:15:52.509+0530][gc,init] Heap Min Capacity: 1G
[2026-06-11T17:15:52.509+0530][gc,init] Heap Initial Capacity: 1G
[2026-06-11T17:15:52.509+0530][gc,init] Heap Max Capacity: 1G
[2026-06-11T17:15:52.509+0530][gc,init] Pre-touch: Disabled
[2026-06-11T17:15:52.509+0530][gc,init] Parallel Workers: 10
[2026-06-11T17:15:52.509+0530][gc,init] Concurrent Workers: 3
[2026-06-11T17:15:52.509+0530][gc,init] Concurrent Refinement Workers: 10
[2026-06-11T17:15:52.509+0530][gc,init] Periodic GC: Disabled
[2026-06-11T17:15:52.515+0530][gc,metaspace] CDS archive(s) mapped at: [0x000076859f000000-0x000076859fbc7000-0x000076859fbc7000), size 12349440, SharedBaseAddress: 0x000076859f000000, ArchiveRelocationMode: 1.
[2026-06-11T17:15:52.515+0530][gc,metaspace] Compressed class space mapped at: 0x00007685a0000000-0x00007685e0000000, reserved size: 1073741824
[2026-06-11T17:15:52.515+0530][gc,metaspace] Narrow klass base: 0x000076859f000000, Narrow klass shift: 0, Narrow klass range: 0x100000000
[2026-06-11T17:15:53.212+0530][gc,start    ] GC(0) Pause Young (Normal) (G1 Evacuation Pause)
[2026-06-11T17:15:53.213+0530][gc,task     ] GC(0) Using 10 workers of 10 for evacuation
[2026-06-11T17:15:53.216+0530][gc,phases   ] GC(0)   Pre Evacuate Collection Set: 0.06ms
[2026-06-11T17:15:53.216+0530][gc,phases   ] GC(0)   Merge Heap Roots: 0.06ms
[2026-06-11T17:15:53.216+0530][gc,phases   ] GC(0)   Evacuate Collection Set: 2.40ms
[2026-06-11T17:15:53.216+0530][gc,phases   ] GC(0)   Post Evacuate Collection Set: 0.27ms
[2026-06-11T17:15:53.216+0530][gc,phases   ] GC(0)   Other: 1.25ms
[2026-06-11T17:15:53.216+0530][gc,heap     ] GC(0) Eden regions: 51->0(44)
[2026-06-11T17:15:53.216+0530][gc,heap     ] GC(0) Survivor regions: 0->7(7)
[2026-06-11T17:15:53.216+0530][gc,heap     ] GC(0) Old regions: 0->1
[2026-06-11T17:15:53.216+0530][gc,heap     ] GC(0) Archive regions: 2->2
[2026-06-11T17:15:53.216+0530][gc,heap     ] GC(0) Humongous regions: 0->0
[2026-06-11T17:15:53.216+0530][gc,metaspace] GC(0) Metaspace: 18430K(18688K)->18430K(18688K) NonClass: 16257K(16384K)->16257K(16384K) Class: 2172K(2304K)->2172K(2304K)
[2026-06-11T17:15:53.216+0530][gc          ] GC(0) Pause Young (Normal) (G1 Evacuation Pause) 51M->8M(1024M) 4.102ms
[2026-06-11T17:15:53.216+0530][gc,cpu      ] GC(0) User=0.02s Sys=0.01s Real=0.01s
[2026-06-11T17:15:53.434+0530][gc,start    ] GC(1) Pause Young (Concurrent Start) (Metadata GC Threshold)
[2026-06-11T17:15:53.434+0530][gc,task     ] GC(1) Using 10 workers of 10 for evacuation
[2026-06-11T17:15:53.439+0530][gc,phases   ] GC(1)   Pre Evacuate Collection Set: 0.11ms
[2026-06-11T17:15:53.439+0530][gc,phases   ] GC(1)   Merge Heap Roots: 0.04ms
[2026-06-11T17:15:53.439+0530][gc,phases   ] GC(1)   Evacuate Collection Set: 3.74ms
[2026-06-11T17:15:53.439+0530][gc,phases   ] GC(1)   Post Evacuate Collection Set: 0.28ms
[2026-06-11T17:15:53.439+0530][gc,phases   ] GC(1)   Other: 0.22ms
[2026-06-11T17:15:53.439+0530][gc,heap     ] GC(1) Eden regions: 13->0(49)
[2026-06-11T17:15:53.439+0530][gc,heap     ] GC(1) Survivor regions: 7->2(7)
[2026-06-11T17:15:53.439+0530][gc,heap     ] GC(1) Old regions: 1->8
[2026-06-11T17:15:53.439+0530][gc,heap     ] GC(1) Archive regions: 2->2
[2026-06-11T17:15:53.439+0530][gc,heap     ] GC(1) Humongous regions: 129->129
[2026-06-11T17:15:53.439+0530][gc,metaspace] GC(1) Metaspace: 21258K(21504K)->21258K(21504K) NonClass: 18706K(18816K)->18706K(18816K) Class: 2551K(2688K)->2551K(2688K)
[2026-06-11T17:15:53.439+0530][gc          ] GC(1) Pause Young (Concurrent Start) (Metadata GC Threshold) 149M->138M(1024M) 4.475ms
[2026-06-11T17:15:53.439+0530][gc,cpu      ] GC(1) User=0.02s Sys=0.02s Real=0.00s
[2026-06-11T17:15:53.439+0530][gc          ] GC(2) Concurrent Mark Cycle
[2026-06-11T17:15:53.439+0530][gc,marking  ] GC(2) Concurrent Clear Claimed Marks
[2026-06-11T17:15:53.439+0530][gc,marking  ] GC(2) Concurrent Clear Claimed Marks 0.018ms
[2026-06-11T17:15:53.439+0530][gc,marking  ] GC(2) Concurrent Scan Root Regions
[2026-06-11T17:15:53.440+0530][gc,marking  ] GC(2) Concurrent Scan Root Regions 1.201ms
[2026-06-11T17:15:53.440+0530][gc,marking  ] GC(2) Concurrent Mark
[2026-06-11T17:15:53.440+0530][gc,marking  ] GC(2) Concurrent Mark From Roots
[2026-06-11T17:15:53.440+0530][gc,task     ] GC(2) Using 3 workers of 3 for marking
[2026-06-11T17:15:53.441+0530][gc,marking  ] GC(2) Concurrent Mark From Roots 0.881ms
[2026-06-11T17:15:53.441+0530][gc,marking  ] GC(2) Concurrent Preclean
[2026-06-11T17:15:53.441+0530][gc,marking  ] GC(2) Concurrent Preclean 0.068ms
[2026-06-11T17:15:53.441+0530][gc,start    ] GC(2) Pause Remark
[2026-06-11T17:15:53.442+0530][gc          ] GC(2) Pause Remark 139M->139M(1024M) 1.176ms
[2026-06-11T17:15:53.442+0530][gc,cpu      ] GC(2) User=0.01s Sys=0.00s Real=0.00s
[2026-06-11T17:15:53.442+0530][gc,marking  ] GC(2) Concurrent Mark 2.260ms
[2026-06-11T17:15:53.442+0530][gc,marking  ] GC(2) Concurrent Rebuild Remembered Sets
[2026-06-11T17:15:53.443+0530][gc,marking  ] GC(2) Concurrent Rebuild Remembered Sets 1.004ms
[2026-06-11T17:15:53.443+0530][gc,start    ] GC(2) Pause Cleanup
[2026-06-11T17:15:53.443+0530][gc          ] GC(2) Pause Cleanup 139M->139M(1024M) 0.065ms
[2026-06-11T17:15:53.443+0530][gc,cpu      ] GC(2) User=0.00s Sys=0.00s Real=0.00s
[2026-06-11T17:15:53.443+0530][gc,marking  ] GC(2) Concurrent Cleanup for Next Mark
[2026-06-11T17:15:53.448+0530][gc,marking  ] GC(2) Concurrent Cleanup for Next Mark 4.169ms
[2026-06-11T17:15:53.448+0530][gc          ] GC(2) Concurrent Mark Cycle 8.850ms
[2026-06-11T17:15:53.841+0530][gc,start    ] GC(3) Pause Young (Normal) (G1 Evacuation Pause)
[2026-06-11T17:15:53.841+0530][gc,task     ] GC(3) Using 10 workers of 10 for evacuation
[2026-06-11T17:15:53.844+0530][gc,phases   ] GC(3)   Pre Evacuate Collection Set: 0.10ms
[2026-06-11T17:15:53.844+0530][gc,phases   ] GC(3)   Merge Heap Roots: 0.04ms
[2026-06-11T17:15:53.844+0530][gc,phases   ] GC(3)   Evacuate Collection Set: 2.51ms
[2026-06-11T17:15:53.844+0530][gc,phases   ] GC(3)   Post Evacuate Collection Set: 0.27ms
[2026-06-11T17:15:53.844+0530][gc,phases   ] GC(3)   Other: 0.10ms
[2026-06-11T17:15:53.844+0530][gc,heap     ] GC(3) Eden regions: 49->0(44)
[2026-06-11T17:15:53.844+0530][gc,heap     ] GC(3) Survivor regions: 2->7(7)
[2026-06-11T17:15:53.844+0530][gc,heap     ] GC(3) Old regions: 8->8
[2026-06-11T17:15:53.844+0530][gc,heap     ] GC(3) Archive regions: 2->2
[2026-06-11T17:15:53.844+0530][gc,heap     ] GC(3) Humongous regions: 129->129
[2026-06-11T17:15:53.844+0530][gc,metaspace] GC(3) Metaspace: 32592K(32896K)->32592K(32896K) NonClass: 28994K(29120K)->28994K(29120K) Class: 3598K(3776K)->3598K(3776K)
[2026-06-11T17:15:53.844+0530][gc          ] GC(3) Pause Young (Normal) (G1 Evacuation Pause) 187M->143M(1024M) 3.092ms
[2026-06-11T17:15:53.844+0530][gc,cpu      ] GC(3) User=0.02s Sys=0.00s Real=0.01s
[2026-06-11T17:23:31.463+0530][gc,start    ] GC(4) Pause Young (Concurrent Start) (Metadata GC Threshold)
[2026-06-11T17:23:31.463+0530][gc,task     ] GC(4) Using 10 workers of 10 for evacuation
[2026-06-11T17:23:31.465+0530][gc,phases   ] GC(4)   Pre Evacuate Collection Set: 0.09ms
[2026-06-11T17:23:31.465+0530][gc,phases   ] GC(4)   Merge Heap Roots: 0.04ms
[2026-06-11T17:23:31.465+0530][gc,phases   ] GC(4)   Evacuate Collection Set: 2.41ms
[2026-06-11T17:23:31.465+0530][gc,phases   ] GC(4)   Post Evacuate Collection Set: 0.28ms
[2026-06-11T17:23:31.465+0530][gc,phases   ] GC(4)   Other: 0.13ms
[2026-06-11T17:23:31.466+0530][gc,heap     ] GC(4) Eden regions: 18->0(49)
[2026-06-11T17:23:31.466+0530][gc,heap     ] GC(4) Survivor regions: 7->2(7)
[2026-06-11T17:23:31.466+0530][gc,heap     ] GC(4) Old regions: 8->14
[2026-06-11T17:23:31.466+0530][gc,heap     ] GC(4) Archive regions: 2->2
[2026-06-11T17:23:31.466+0530][gc,heap     ] GC(4) Humongous regions: 129->129
[2026-06-11T17:23:31.466+0530][gc,metaspace] GC(4) Metaspace: 35666K(35968K)->35666K(35968K) NonClass: 31550K(31680K)->31550K(31680K) Class: 4115K(4288K)->4115K(4288K)
[2026-06-11T17:23:31.466+0530][gc          ] GC(4) Pause Young (Concurrent Start) (Metadata GC Threshold) 161M->144M(1024M) 3.023ms
[2026-06-11T17:23:31.466+0530][gc,cpu      ] GC(4) User=0.01s Sys=0.01s Real=0.01s
[2026-06-11T17:23:31.466+0530][gc          ] GC(5) Concurrent Mark Cycle
[2026-06-11T17:23:31.466+0530][gc,marking  ] GC(5) Concurrent Clear Claimed Marks
[2026-06-11T17:23:31.466+0530][gc,marking  ] GC(5) Concurrent Clear Claimed Marks 0.017ms
[2026-06-11T17:23:31.466+0530][gc,marking  ] GC(5) Concurrent Scan Root Regions
[2026-06-11T17:23:31.467+0530][gc,marking  ] GC(5) Concurrent Scan Root Regions 1.403ms
[2026-06-11T17:23:31.467+0530][gc,marking  ] GC(5) Concurrent Mark
[2026-06-11T17:23:31.467+0530][gc,marking  ] GC(5) Concurrent Mark From Roots
[2026-06-11T17:23:31.467+0530][gc,task     ] GC(5) Using 3 workers of 3 for marking
[2026-06-11T17:23:31.469+0530][gc,marking  ] GC(5) Concurrent Mark From Roots 2.406ms
[2026-06-11T17:23:31.469+0530][gc,marking  ] GC(5) Concurrent Preclean
[2026-06-11T17:23:31.470+0530][gc,marking  ] GC(5) Concurrent Preclean 0.127ms
[2026-06-11T17:23:31.470+0530][gc,start    ] GC(5) Pause Remark
[2026-06-11T17:23:31.471+0530][gc          ] GC(5) Pause Remark 145M->145M(1024M) 0.835ms
[2026-06-11T17:23:31.471+0530][gc,cpu      ] GC(5) User=0.00s Sys=0.00s Real=0.00s
[2026-06-11T17:23:31.471+0530][gc,marking  ] GC(5) Concurrent Mark 3.564ms
[2026-06-11T17:23:31.471+0530][gc,marking  ] GC(5) Concurrent Rebuild Remembered Sets
[2026-06-11T17:23:31.473+0530][gc,marking  ] GC(5) Concurrent Rebuild Remembered Sets 2.060ms
[2026-06-11T17:23:31.473+0530][gc,start    ] GC(5) Pause Cleanup
[2026-06-11T17:23:31.473+0530][gc          ] GC(5) Pause Cleanup 145M->145M(1024M) 0.062ms
[2026-06-11T17:23:31.473+0530][gc,cpu      ] GC(5) User=0.00s Sys=0.00s Real=0.00s
[2026-06-11T17:23:31.473+0530][gc,marking  ] GC(5) Concurrent Cleanup for Next Mark
[2026-06-11T17:23:31.476+0530][gc,marking  ] GC(5) Concurrent Cleanup for Next Mark 3.421ms
[2026-06-11T17:23:31.476+0530][gc          ] GC(5) Concurrent Mark Cycle 10.696ms
[2026-06-11T17:39:21.553+0530][gc,start    ] GC(6) Pause Young (Normal) (G1 Evacuation Pause)
[2026-06-11T17:39:21.553+0530][gc,task     ] GC(6) Using 10 workers of 10 for evacuation
[2026-06-11T17:39:21.556+0530][gc,phases   ] GC(6)   Pre Evacuate Collection Set: 0.19ms
[2026-06-11T17:39:21.556+0530][gc,phases   ] GC(6)   Merge Heap Roots: 0.09ms
[2026-06-11T17:39:21.556+0530][gc,phases   ] GC(6)   Evacuate Collection Set: 1.67ms
[2026-06-11T17:39:21.556+0530][gc,phases   ] GC(6)   Post Evacuate Collection Set: 0.37ms
[2026-06-11T17:39:21.556+0530][gc,phases   ] GC(6)   Other: 0.26ms
[2026-06-11T17:39:21.556+0530][gc,heap     ] GC(6) Eden regions: 49->0(47)
[2026-06-11T17:39:21.556+0530][gc,heap     ] GC(6) Survivor regions: 2->4(7)
[2026-06-11T17:39:21.556+0530][gc,heap     ] GC(6) Old regions: 14->14
[2026-06-11T17:39:21.556+0530][gc,heap     ] GC(6) Archive regions: 2->2
[2026-06-11T17:39:21.556+0530][gc,heap     ] GC(6) Humongous regions: 129->129
[2026-06-11T17:39:21.556+0530][gc,metaspace] GC(6) Metaspace: 40608K(41216K)->40608K(41216K) NonClass: 35691K(36032K)->35691K(36032K) Class: 4917K(5184K)->4917K(5184K)
[2026-06-11T17:39:21.556+0530][gc          ] GC(6) Pause Young (Normal) (G1 Evacuation Pause) 193M->147M(1024M) 2.673ms
[2026-06-11T17:39:21.556+0530][gc,cpu      ] GC(6) User=0.02s Sys=0.00s Real=0.00s
[2026-06-11T17:52:39.395+0530][gc,start    ] GC(7) Pause Young (Normal) (G1 Evacuation Pause)
[2026-06-11T17:52:39.395+0530][gc,task     ] GC(7) Using 10 workers of 10 for evacuation
[2026-06-11T17:52:39.398+0530][gc,phases   ] GC(7)   Pre Evacuate Collection Set: 0.11ms
[2026-06-11T17:52:39.398+0530][gc,phases   ] GC(7)   Merge Heap Roots: 0.06ms
[2026-06-11T17:52:39.398+0530][gc,phases   ] GC(7)   Evacuate Collection Set: 2.38ms
[2026-06-11T17:52:39.398+0530][gc,phases   ] GC(7)   Post Evacuate Collection Set: 0.50ms
[2026-06-11T17:52:39.398+0530][gc,phases   ] GC(7)   Other: 0.11ms
[2026-06-11T17:52:39.398+0530][gc,heap     ] GC(7) Eden regions: 47->0(45)
[2026-06-11T17:52:39.398+0530][gc,heap     ] GC(7) Survivor regions: 4->6(7)
[2026-06-11T17:52:39.398+0530][gc,heap     ] GC(7) Old regions: 14->14
[2026-06-11T17:52:39.398+0530][gc,heap     ] GC(7) Archive regions: 2->2
[2026-06-11T17:52:39.398+0530][gc,heap     ] GC(7) Humongous regions: 129->129
[2026-06-11T17:52:39.398+0530][gc,metaspace] GC(7) Metaspace: 41646K(42240K)->41646K(42240K) NonClass: 36712K(37056K)->36712K(37056K) Class: 4934K(5184K)->4934K(5184K)
[2026-06-11T17:52:39.398+0530][gc          ] GC(7) Pause Young (Normal) (G1 Evacuation Pause) 194M->149M(1024M) 3.249ms
[2026-06-11T17:52:39.398+0530][gc,cpu      ] GC(7) User=0.03s Sys=0.00s Real=0.00s
[2026-06-11T18:06:09.893+0530][gc,start    ] GC(8) Pause Young (Normal) (G1 Evacuation Pause)
[2026-06-11T18:06:09.893+0530][gc,task     ] GC(8) Using 10 workers of 10 for evacuation
[2026-06-11T18:06:09.896+0530][gc,phases   ] GC(8)   Pre Evacuate Collection Set: 0.13ms
[2026-06-11T18:06:09.896+0530][gc,phases   ] GC(8)   Merge Heap Roots: 0.09ms
[2026-06-11T18:06:09.896+0530][gc,phases   ] GC(8)   Evacuate Collection Set: 2.38ms
[2026-06-11T18:06:09.896+0530][gc,phases   ] GC(8)   Post Evacuate Collection Set: 0.39ms
[2026-06-11T18:06:09.896+0530][gc,phases   ] GC(8)   Other: 0.19ms
[2026-06-11T18:06:09.896+0530][gc,heap     ] GC(8) Eden regions: 45->0(58)
[2026-06-11T18:06:09.896+0530][gc,heap     ] GC(8) Survivor regions: 6->3(7)
[2026-06-11T18:06:09.896+0530][gc,heap     ] GC(8) Old regions: 14->17
[2026-06-11T18:06:09.896+0530][gc,heap     ] GC(8) Archive regions: 2->2
[2026-06-11T18:06:09.896+0530][gc,heap     ] GC(8) Humongous regions: 129->129
[2026-06-11T18:06:09.896+0530][gc,metaspace] GC(8) Metaspace: 41772K(42368K)->41772K(42368K) NonClass: 36838K(37184K)->36838K(37184K) Class: 4934K(5184K)->4934K(5184K)
[2026-06-11T18:06:09.896+0530][gc          ] GC(8) Pause Young (Normal) (G1 Evacuation Pause) 194M->149M(1024M) 3.230ms
[2026-06-11T18:06:09.896+0530][gc,cpu      ] GC(8) User=0.02s Sys=0.00s Real=0.00s
[2026-06-11T18:23:44.280+0530][gc,start    ] GC(9) Pause Young (Normal) (G1 Evacuation Pause)
[2026-06-11T18:23:44.280+0530][gc,task     ] GC(9) Using 10 workers of 10 for evacuation
[2026-06-11T18:23:44.283+0530][gc,phases   ] GC(9)   Pre Evacuate Collection Set: 0.27ms
[2026-06-11T18:23:44.283+0530][gc,phases   ] GC(9)   Merge Heap Roots: 0.07ms
[2026-06-11T18:23:44.283+0530][gc,phases   ] GC(9)   Evacuate Collection Set: 2.13ms
[2026-06-11T18:23:44.283+0530][gc,phases   ] GC(9)   Post Evacuate Collection Set: 0.68ms
[2026-06-11T18:23:44.283+0530][gc,phases   ] GC(9)   Other: 0.24ms
[2026-06-11T18:23:44.283+0530][gc,heap     ] GC(9) Eden regions: 58->0(245)
[2026-06-11T18:23:44.283+0530][gc,heap     ] GC(9) Survivor regions: 3->3(8)
[2026-06-11T18:23:44.283+0530][gc,heap     ] GC(9) Old regions: 17->17
[2026-06-11T18:23:44.283+0530][gc,heap     ] GC(9) Archive regions: 2->2
[2026-06-11T18:23:44.283+0530][gc,heap     ] GC(9) Humongous regions: 129->129
[2026-06-11T18:23:44.283+0530][gc,metaspace] GC(9) Metaspace: 41870K(42432K)->41870K(42432K) NonClass: 36932K(37248K)->36932K(37248K) Class: 4938K(5184K)->4938K(5184K)
[2026-06-11T18:23:44.283+0530][gc          ] GC(9) Pause Young (Normal) (G1 Evacuation Pause) 207M->149M(1024M) 3.584ms
[2026-06-11T18:23:44.283+0530][gc,cpu      ] GC(9) User=0.01s Sys=0.01s Real=0.01s
[2026-06-11T19:13:46.133+0530][gc,start    ] GC(10) Pause Young (Normal) (G1 Evacuation Pause)
[2026-06-11T19:13:46.133+0530][gc,task     ] GC(10) Using 10 workers of 10 for evacuation
[2026-06-11T19:13:46.136+0530][gc,phases   ] GC(10)   Pre Evacuate Collection Set: 0.15ms
[2026-06-11T19:13:46.136+0530][gc,phases   ] GC(10)   Merge Heap Roots: 0.08ms
[2026-06-11T19:13:46.136+0530][gc,phases   ] GC(10)   Evacuate Collection Set: 2.09ms
[2026-06-11T19:13:46.136+0530][gc,phases   ] GC(10)   Post Evacuate Collection Set: 0.41ms
[2026-06-11T19:13:46.136+0530][gc,phases   ] GC(10)   Other: 0.24ms
[2026-06-11T19:13:46.136+0530][gc,heap     ] GC(10) Eden regions: 245->0(418)
[2026-06-11T19:13:46.136+0530][gc,heap     ] GC(10) Survivor regions: 3->4(31)
[2026-06-11T19:13:46.136+0530][gc,heap     ] GC(10) Old regions: 17->17
[2026-06-11T19:13:46.136+0530][gc,heap     ] GC(10) Archive regions: 2->2
[2026-06-11T19:13:46.136+0530][gc,heap     ] GC(10) Humongous regions: 129->129
[2026-06-11T19:13:46.136+0530][gc,metaspace] GC(10) Metaspace: 42076K(42688K)->42076K(42688K) NonClass: 37111K(37440K)->37111K(37440K) Class: 4964K(5248K)->4964K(5248K)
[2026-06-11T19:13:46.136+0530][gc          ] GC(10) Pause Young (Normal) (G1 Evacuation Pause) 394M->150M(1024M) 3.050ms
[2026-06-11T19:13:46.136+0530][gc,cpu      ] GC(10) User=0.02s Sys=0.00s Real=0.01s
[2026-06-11T19:40:07.918+0530][gc,heap,exit] Heap
[2026-06-11T19:40:07.918+0530][gc,heap,exit]  garbage-first heap   total 1048576K, used 344909K [0x00000000c0000000, 0x0000000100000000)
[2026-06-11T19:40:07.918+0530][gc,heap,exit]   region size 1024K, 191 young (195584K), 4 survivors (4096K)
[2026-06-11T19:40:07.918+0530][gc,heap,exit]  Metaspace       used 42744K, committed 43328K, reserved 1114112K
[2026-06-11T19:40:07.918+0530][gc,heap,exit]   class space    used 5128K, committed 5376K, reserved 1048576K
