[2026-06-15T19:47:51.903+0530][gc] Using G1
[2026-06-15T19:47:51.914+0530][gc,init] Version: 17.0.19+10-1-24.04.2-Ubuntu (release)
[2026-06-15T19:47:51.914+0530][gc,init] CPUs: 16 total, 12 available
[2026-06-15T19:47:51.914+0530][gc,init] Memory: 7275M
[2026-06-15T19:47:51.914+0530][gc,init] Large Page Support: Disabled
[2026-06-15T19:47:51.914+0530][gc,init] NUMA Support: Disabled
[2026-06-15T19:47:51.914+0530][gc,init] Compressed Oops: Enabled (32-bit)
[2026-06-15T19:47:51.914+0530][gc,init] Heap Region Size: 1M
[2026-06-15T19:47:51.914+0530][gc,init] Heap Min Capacity: 1G
[2026-06-15T19:47:51.914+0530][gc,init] Heap Initial Capacity: 1G
[2026-06-15T19:47:51.914+0530][gc,init] Heap Max Capacity: 1G
[2026-06-15T19:47:51.914+0530][gc,init] Pre-touch: Disabled
[2026-06-15T19:47:51.914+0530][gc,init] Parallel Workers: 10
[2026-06-15T19:47:51.914+0530][gc,init] Concurrent Workers: 3
[2026-06-15T19:47:51.914+0530][gc,init] Concurrent Refinement Workers: 10
[2026-06-15T19:47:51.914+0530][gc,init] Periodic GC: Disabled
[2026-06-15T19:47:51.921+0530][gc,metaspace] CDS archive(s) mapped at: [0x000070c73b000000-0x000070c73bbc7000-0x000070c73bbc7000), size 12349440, SharedBaseAddress: 0x000070c73b000000, ArchiveRelocationMode: 1.
[2026-06-15T19:47:51.921+0530][gc,metaspace] Compressed class space mapped at: 0x000070c73c000000-0x000070c77c000000, reserved size: 1073741824
[2026-06-15T19:47:51.921+0530][gc,metaspace] Narrow klass base: 0x000070c73b000000, Narrow klass shift: 0, Narrow klass range: 0x100000000
[2026-06-15T19:47:52.665+0530][gc,start    ] GC(0) Pause Young (Normal) (G1 Evacuation Pause)
[2026-06-15T19:47:52.666+0530][gc,task     ] GC(0) Using 10 workers of 10 for evacuation
[2026-06-15T19:47:52.669+0530][gc,phases   ] GC(0)   Pre Evacuate Collection Set: 0.06ms
[2026-06-15T19:47:52.669+0530][gc,phases   ] GC(0)   Merge Heap Roots: 0.06ms
[2026-06-15T19:47:52.669+0530][gc,phases   ] GC(0)   Evacuate Collection Set: 2.42ms
[2026-06-15T19:47:52.669+0530][gc,phases   ] GC(0)   Post Evacuate Collection Set: 0.29ms
[2026-06-15T19:47:52.669+0530][gc,phases   ] GC(0)   Other: 1.23ms
[2026-06-15T19:47:52.669+0530][gc,heap     ] GC(0) Eden regions: 51->0(44)
[2026-06-15T19:47:52.669+0530][gc,heap     ] GC(0) Survivor regions: 0->7(7)
[2026-06-15T19:47:52.669+0530][gc,heap     ] GC(0) Old regions: 0->1
[2026-06-15T19:47:52.669+0530][gc,heap     ] GC(0) Archive regions: 2->2
[2026-06-15T19:47:52.669+0530][gc,heap     ] GC(0) Humongous regions: 0->0
[2026-06-15T19:47:52.669+0530][gc,metaspace] GC(0) Metaspace: 18445K(18688K)->18445K(18688K) NonClass: 16275K(16384K)->16275K(16384K) Class: 2170K(2304K)->2170K(2304K)
[2026-06-15T19:47:52.669+0530][gc          ] GC(0) Pause Young (Normal) (G1 Evacuation Pause) 51M->8M(1024M) 4.196ms
[2026-06-15T19:47:52.669+0530][gc,cpu      ] GC(0) User=0.01s Sys=0.01s Real=0.01s
[2026-06-15T19:47:52.907+0530][gc,heap,exit] Heap
[2026-06-15T19:47:52.907+0530][gc,heap,exit]  garbage-first heap   total 1048576K, used 16723K [0x00000000c0000000, 0x0000000100000000)
[2026-06-15T19:47:52.907+0530][gc,heap,exit]   region size 1024K, 15 young (15360K), 7 survivors (7168K)
[2026-06-15T19:47:52.907+0530][gc,heap,exit]  Metaspace       used 20243K, committed 20480K, reserved 1114112K
[2026-06-15T19:47:52.908+0530][gc,heap,exit]   class space    used 2411K, committed 2496K, reserved 1048576K
