[2026-06-16T13:17:28.066+0530][gc] Using G1
[2026-06-16T13:17:28.088+0530][gc,init] Version: 17.0.19+10-1-24.04.2-Ubuntu (release)
[2026-06-16T13:17:28.088+0530][gc,init] CPUs: 16 total, 12 available
[2026-06-16T13:17:28.088+0530][gc,init] Memory: 7275M
[2026-06-16T13:17:28.088+0530][gc,init] Large Page Support: Disabled
[2026-06-16T13:17:28.088+0530][gc,init] NUMA Support: Disabled
[2026-06-16T13:17:28.088+0530][gc,init] Compressed Oops: Enabled (32-bit)
[2026-06-16T13:17:28.088+0530][gc,init] Heap Region Size: 1M
[2026-06-16T13:17:28.088+0530][gc,init] Heap Min Capacity: 1G
[2026-06-16T13:17:28.088+0530][gc,init] Heap Initial Capacity: 1G
[2026-06-16T13:17:28.088+0530][gc,init] Heap Max Capacity: 1G
[2026-06-16T13:17:28.088+0530][gc,init] Pre-touch: Disabled
[2026-06-16T13:17:28.088+0530][gc,init] Parallel Workers: 10
[2026-06-16T13:17:28.088+0530][gc,init] Concurrent Workers: 3
[2026-06-16T13:17:28.088+0530][gc,init] Concurrent Refinement Workers: 10
[2026-06-16T13:17:28.088+0530][gc,init] Periodic GC: Disabled
[2026-06-16T13:17:28.101+0530][gc,metaspace] CDS archive(s) mapped at: [0x0000723c47000000-0x0000723c47bc7000-0x0000723c47bc7000), size 12349440, SharedBaseAddress: 0x0000723c47000000, ArchiveRelocationMode: 1.
[2026-06-16T13:17:28.101+0530][gc,metaspace] Compressed class space mapped at: 0x0000723c48000000-0x0000723c88000000, reserved size: 1073741824
[2026-06-16T13:17:28.101+0530][gc,metaspace] Narrow klass base: 0x0000723c47000000, Narrow klass shift: 0, Narrow klass range: 0x100000000
[2026-06-16T13:17:29.351+0530][gc,start    ] GC(0) Pause Young (Normal) (G1 Evacuation Pause)
[2026-06-16T13:17:29.353+0530][gc,task     ] GC(0) Using 10 workers of 10 for evacuation
[2026-06-16T13:17:29.358+0530][gc,phases   ] GC(0)   Pre Evacuate Collection Set: 0.15ms
[2026-06-16T13:17:29.358+0530][gc,phases   ] GC(0)   Merge Heap Roots: 0.12ms
[2026-06-16T13:17:29.358+0530][gc,phases   ] GC(0)   Evacuate Collection Set: 3.37ms
[2026-06-16T13:17:29.358+0530][gc,phases   ] GC(0)   Post Evacuate Collection Set: 0.52ms
[2026-06-16T13:17:29.358+0530][gc,phases   ] GC(0)   Other: 2.81ms
[2026-06-16T13:17:29.358+0530][gc,heap     ] GC(0) Eden regions: 51->0(44)
[2026-06-16T13:17:29.358+0530][gc,heap     ] GC(0) Survivor regions: 0->7(7)
[2026-06-16T13:17:29.358+0530][gc,heap     ] GC(0) Old regions: 0->1
[2026-06-16T13:17:29.358+0530][gc,heap     ] GC(0) Archive regions: 2->2
[2026-06-16T13:17:29.358+0530][gc,heap     ] GC(0) Humongous regions: 0->0
[2026-06-16T13:17:29.358+0530][gc,metaspace] GC(0) Metaspace: 18513K(18752K)->18513K(18752K) NonClass: 16334K(16448K)->16334K(16448K) Class: 2178K(2304K)->2178K(2304K)
[2026-06-16T13:17:29.358+0530][gc          ] GC(0) Pause Young (Normal) (G1 Evacuation Pause) 51M->8M(1024M) 7.161ms
[2026-06-16T13:17:29.358+0530][gc,cpu      ] GC(0) User=0.03s Sys=0.01s Real=0.00s
[2026-06-16T13:17:29.721+0530][gc,start    ] GC(1) Pause Young (Concurrent Start) (Metadata GC Threshold)
[2026-06-16T13:17:29.721+0530][gc,task     ] GC(1) Using 10 workers of 10 for evacuation
[2026-06-16T13:17:29.725+0530][gc,phases   ] GC(1)   Pre Evacuate Collection Set: 0.14ms
[2026-06-16T13:17:29.725+0530][gc,phases   ] GC(1)   Merge Heap Roots: 0.07ms
[2026-06-16T13:17:29.725+0530][gc,phases   ] GC(1)   Evacuate Collection Set: 3.22ms
[2026-06-16T13:17:29.725+0530][gc,phases   ] GC(1)   Post Evacuate Collection Set: 0.43ms
[2026-06-16T13:17:29.725+0530][gc,phases   ] GC(1)   Other: 0.38ms
[2026-06-16T13:17:29.725+0530][gc,heap     ] GC(1) Eden regions: 12->0(49)
[2026-06-16T13:17:29.725+0530][gc,heap     ] GC(1) Survivor regions: 7->2(7)
[2026-06-16T13:17:29.725+0530][gc,heap     ] GC(1) Old regions: 1->8
[2026-06-16T13:17:29.725+0530][gc,heap     ] GC(1) Archive regions: 2->2
[2026-06-16T13:17:29.725+0530][gc,heap     ] GC(1) Humongous regions: 129->129
[2026-06-16T13:17:29.725+0530][gc,metaspace] GC(1) Metaspace: 21253K(21504K)->21253K(21504K) NonClass: 18697K(18816K)->18697K(18816K) Class: 2556K(2688K)->2556K(2688K)
[2026-06-16T13:17:29.725+0530][gc          ] GC(1) Pause Young (Concurrent Start) (Metadata GC Threshold) 149M->138M(1024M) 4.402ms
[2026-06-16T13:17:29.725+0530][gc,cpu      ] GC(1) User=0.03s Sys=0.01s Real=0.00s
[2026-06-16T13:17:29.725+0530][gc          ] GC(2) Concurrent Mark Cycle
[2026-06-16T13:17:29.725+0530][gc,marking  ] GC(2) Concurrent Clear Claimed Marks
[2026-06-16T13:17:29.725+0530][gc,marking  ] GC(2) Concurrent Clear Claimed Marks 0.017ms
[2026-06-16T13:17:29.725+0530][gc,marking  ] GC(2) Concurrent Scan Root Regions
[2026-06-16T13:17:29.727+0530][gc,marking  ] GC(2) Concurrent Scan Root Regions 2.092ms
[2026-06-16T13:17:29.727+0530][gc,marking  ] GC(2) Concurrent Mark
[2026-06-16T13:17:29.727+0530][gc,marking  ] GC(2) Concurrent Mark From Roots
[2026-06-16T13:17:29.727+0530][gc,task     ] GC(2) Using 3 workers of 3 for marking
[2026-06-16T13:17:29.729+0530][gc,marking  ] GC(2) Concurrent Mark From Roots 1.660ms
[2026-06-16T13:17:29.729+0530][gc,marking  ] GC(2) Concurrent Preclean
[2026-06-16T13:17:29.729+0530][gc,marking  ] GC(2) Concurrent Preclean 0.159ms
[2026-06-16T13:17:29.730+0530][gc,start    ] GC(2) Pause Remark
[2026-06-16T13:17:29.731+0530][gc          ] GC(2) Pause Remark 139M->139M(1024M) 1.550ms
[2026-06-16T13:17:29.731+0530][gc,cpu      ] GC(2) User=0.01s Sys=0.00s Real=0.00s
[2026-06-16T13:17:29.731+0530][gc,marking  ] GC(2) Concurrent Mark 3.814ms
[2026-06-16T13:17:29.731+0530][gc,marking  ] GC(2) Concurrent Rebuild Remembered Sets
[2026-06-16T13:17:29.733+0530][gc,marking  ] GC(2) Concurrent Rebuild Remembered Sets 1.678ms
[2026-06-16T13:17:29.733+0530][gc,start    ] GC(2) Pause Cleanup
[2026-06-16T13:17:29.733+0530][gc          ] GC(2) Pause Cleanup 139M->139M(1024M) 0.127ms
[2026-06-16T13:17:29.733+0530][gc,cpu      ] GC(2) User=0.00s Sys=0.00s Real=0.00s
[2026-06-16T13:17:29.733+0530][gc,marking  ] GC(2) Concurrent Cleanup for Next Mark
[2026-06-16T13:17:29.738+0530][gc,marking  ] GC(2) Concurrent Cleanup for Next Mark 4.686ms
[2026-06-16T13:17:29.738+0530][gc          ] GC(2) Concurrent Mark Cycle 12.987ms
[2026-06-16T13:17:30.406+0530][gc,start    ] GC(3) Pause Young (Normal) (G1 Evacuation Pause)
[2026-06-16T13:17:30.406+0530][gc,task     ] GC(3) Using 10 workers of 10 for evacuation
[2026-06-16T13:17:30.410+0530][gc,phases   ] GC(3)   Pre Evacuate Collection Set: 0.10ms
[2026-06-16T13:17:30.410+0530][gc,phases   ] GC(3)   Merge Heap Roots: 0.06ms
[2026-06-16T13:17:30.410+0530][gc,phases   ] GC(3)   Evacuate Collection Set: 3.20ms
[2026-06-16T13:17:30.410+0530][gc,phases   ] GC(3)   Post Evacuate Collection Set: 0.46ms
[2026-06-16T13:17:30.410+0530][gc,phases   ] GC(3)   Other: 0.13ms
[2026-06-16T13:17:30.410+0530][gc,heap     ] GC(3) Eden regions: 49->0(44)
[2026-06-16T13:17:30.410+0530][gc,heap     ] GC(3) Survivor regions: 2->7(7)
[2026-06-16T13:17:30.410+0530][gc,heap     ] GC(3) Old regions: 8->8
[2026-06-16T13:17:30.410+0530][gc,heap     ] GC(3) Archive regions: 2->2
[2026-06-16T13:17:30.410+0530][gc,heap     ] GC(3) Humongous regions: 129->129
[2026-06-16T13:17:30.410+0530][gc,metaspace] GC(3) Metaspace: 32608K(32896K)->32608K(32896K) NonClass: 28971K(29120K)->28971K(29120K) Class: 3636K(3776K)->3636K(3776K)
[2026-06-16T13:17:30.410+0530][gc          ] GC(3) Pause Young (Normal) (G1 Evacuation Pause) 187M->143M(1024M) 4.095ms
[2026-06-16T13:17:30.410+0530][gc,cpu      ] GC(3) User=0.03s Sys=0.00s Real=0.01s
[2026-06-16T13:18:39.619+0530][gc,heap,exit] Heap
[2026-06-16T13:18:39.619+0530][gc,heap,exit]  garbage-first heap   total 1048576K, used 168071K [0x00000000c0000000, 0x0000000100000000)
[2026-06-16T13:18:39.619+0530][gc,heap,exit]   region size 1024K, 28 young (28672K), 7 survivors (7168K)
[2026-06-16T13:18:39.619+0530][gc,heap,exit]  Metaspace       used 35666K, committed 35904K, reserved 1114112K
[2026-06-16T13:18:39.619+0530][gc,heap,exit]   class space    used 4112K, committed 4224K, reserved 1048576K
