[2026-06-16T13:21:12.475+0530][gc] Using G1
[2026-06-16T13:21:12.501+0530][gc,init] Version: 17.0.19+10-1-24.04.2-Ubuntu (release)
[2026-06-16T13:21:12.501+0530][gc,init] CPUs: 16 total, 12 available
[2026-06-16T13:21:12.502+0530][gc,init] Memory: 7275M
[2026-06-16T13:21:12.502+0530][gc,init] Large Page Support: Disabled
[2026-06-16T13:21:12.502+0530][gc,init] NUMA Support: Disabled
[2026-06-16T13:21:12.502+0530][gc,init] Compressed Oops: Enabled (32-bit)
[2026-06-16T13:21:12.502+0530][gc,init] Heap Region Size: 1M
[2026-06-16T13:21:12.502+0530][gc,init] Heap Min Capacity: 1G
[2026-06-16T13:21:12.502+0530][gc,init] Heap Initial Capacity: 1G
[2026-06-16T13:21:12.502+0530][gc,init] Heap Max Capacity: 1G
[2026-06-16T13:21:12.502+0530][gc,init] Pre-touch: Disabled
[2026-06-16T13:21:12.502+0530][gc,init] Parallel Workers: 10
[2026-06-16T13:21:12.502+0530][gc,init] Concurrent Workers: 3
[2026-06-16T13:21:12.502+0530][gc,init] Concurrent Refinement Workers: 10
[2026-06-16T13:21:12.502+0530][gc,init] Periodic GC: Disabled
[2026-06-16T13:21:12.514+0530][gc,metaspace] CDS archive(s) mapped at: [0x0000706e7b000000-0x0000706e7bbc7000-0x0000706e7bbc7000), size 12349440, SharedBaseAddress: 0x0000706e7b000000, ArchiveRelocationMode: 1.
[2026-06-16T13:21:12.514+0530][gc,metaspace] Compressed class space mapped at: 0x0000706e7c000000-0x0000706ebc000000, reserved size: 1073741824
[2026-06-16T13:21:12.514+0530][gc,metaspace] Narrow klass base: 0x0000706e7b000000, Narrow klass shift: 0, Narrow klass range: 0x100000000
[2026-06-16T13:21:18.607+0530][gc,heap,exit] Heap
[2026-06-16T13:21:18.607+0530][gc,heap,exit]  garbage-first heap   total 1048576K, used 43956K [0x00000000c0000000, 0x0000000100000000)
[2026-06-16T13:21:18.607+0530][gc,heap,exit]   region size 1024K, 42 young (43008K), 0 survivors (0K)
[2026-06-16T13:21:18.607+0530][gc,heap,exit]  Metaspace       used 14490K, committed 14720K, reserved 1114112K
[2026-06-16T13:21:18.607+0530][gc,heap,exit]   class space    used 1744K, committed 1856K, reserved 1048576K
