[2026-06-16T13:35:22.871+0530][gc] Using G1
[2026-06-16T13:35:22.892+0530][gc,init] Version: 17.0.19+10-1-24.04.2-Ubuntu (release)
[2026-06-16T13:35:22.892+0530][gc,init] CPUs: 16 total, 12 available
[2026-06-16T13:35:22.892+0530][gc,init] Memory: 7275M
[2026-06-16T13:35:22.892+0530][gc,init] Large Page Support: Disabled
[2026-06-16T13:35:22.892+0530][gc,init] NUMA Support: Disabled
[2026-06-16T13:35:22.892+0530][gc,init] Compressed Oops: Enabled (32-bit)
[2026-06-16T13:35:22.892+0530][gc,init] Heap Region Size: 1M
[2026-06-16T13:35:22.892+0530][gc,init] Heap Min Capacity: 1G
[2026-06-16T13:35:22.892+0530][gc,init] Heap Initial Capacity: 1G
[2026-06-16T13:35:22.892+0530][gc,init] Heap Max Capacity: 1G
[2026-06-16T13:35:22.892+0530][gc,init] Pre-touch: Disabled
[2026-06-16T13:35:22.892+0530][gc,init] Parallel Workers: 10
[2026-06-16T13:35:22.892+0530][gc,init] Concurrent Workers: 3
[2026-06-16T13:35:22.892+0530][gc,init] Concurrent Refinement Workers: 10
[2026-06-16T13:35:22.892+0530][gc,init] Periodic GC: Disabled
[2026-06-16T13:35:22.905+0530][gc,metaspace] CDS archive(s) mapped at: [0x00007d0003000000-0x00007d0003bc7000-0x00007d0003bc7000), size 12349440, SharedBaseAddress: 0x00007d0003000000, ArchiveRelocationMode: 1.
[2026-06-16T13:35:22.905+0530][gc,metaspace] Compressed class space mapped at: 0x00007d0004000000-0x00007d0044000000, reserved size: 1073741824
[2026-06-16T13:35:22.905+0530][gc,metaspace] Narrow klass base: 0x00007d0003000000, Narrow klass shift: 0, Narrow klass range: 0x100000000
[2026-06-16T13:35:24.188+0530][gc,start    ] GC(0) Pause Young (Normal) (G1 Evacuation Pause)
[2026-06-16T13:35:24.190+0530][gc,task     ] GC(0) Using 10 workers of 10 for evacuation
[2026-06-16T13:35:24.195+0530][gc,phases   ] GC(0)   Pre Evacuate Collection Set: 0.12ms
[2026-06-16T13:35:24.195+0530][gc,phases   ] GC(0)   Merge Heap Roots: 0.13ms
[2026-06-16T13:35:24.195+0530][gc,phases   ] GC(0)   Evacuate Collection Set: 3.52ms
[2026-06-16T13:35:24.195+0530][gc,phases   ] GC(0)   Post Evacuate Collection Set: 0.45ms
[2026-06-16T13:35:24.195+0530][gc,phases   ] GC(0)   Other: 2.43ms
[2026-06-16T13:35:24.195+0530][gc,heap     ] GC(0) Eden regions: 51->0(44)
[2026-06-16T13:35:24.195+0530][gc,heap     ] GC(0) Survivor regions: 0->7(7)
[2026-06-16T13:35:24.195+0530][gc,heap     ] GC(0) Old regions: 0->1
[2026-06-16T13:35:24.195+0530][gc,heap     ] GC(0) Archive regions: 2->2
[2026-06-16T13:35:24.195+0530][gc,heap     ] GC(0) Humongous regions: 0->0
[2026-06-16T13:35:24.195+0530][gc,metaspace] GC(0) Metaspace: 18507K(18752K)->18507K(18752K) NonClass: 16328K(16448K)->16328K(16448K) Class: 2178K(2304K)->2178K(2304K)
[2026-06-16T13:35:24.195+0530][gc          ] GC(0) Pause Young (Normal) (G1 Evacuation Pause) 51M->8M(1024M) 6.821ms
[2026-06-16T13:35:24.195+0530][gc,cpu      ] GC(0) User=0.03s Sys=0.01s Real=0.01s
[2026-06-16T13:35:24.551+0530][gc,start    ] GC(1) Pause Young (Concurrent Start) (Metadata GC Threshold)
[2026-06-16T13:35:24.551+0530][gc,task     ] GC(1) Using 10 workers of 10 for evacuation
[2026-06-16T13:35:24.556+0530][gc,phases   ] GC(1)   Pre Evacuate Collection Set: 0.15ms
[2026-06-16T13:35:24.556+0530][gc,phases   ] GC(1)   Merge Heap Roots: 0.10ms
[2026-06-16T13:35:24.556+0530][gc,phases   ] GC(1)   Evacuate Collection Set: 3.29ms
[2026-06-16T13:35:24.556+0530][gc,phases   ] GC(1)   Post Evacuate Collection Set: 0.49ms
[2026-06-16T13:35:24.556+0530][gc,phases   ] GC(1)   Other: 0.33ms
[2026-06-16T13:35:24.556+0530][gc,heap     ] GC(1) Eden regions: 12->0(49)
[2026-06-16T13:35:24.556+0530][gc,heap     ] GC(1) Survivor regions: 7->2(7)
[2026-06-16T13:35:24.556+0530][gc,heap     ] GC(1) Old regions: 1->8
[2026-06-16T13:35:24.556+0530][gc,heap     ] GC(1) Archive regions: 2->2
[2026-06-16T13:35:24.556+0530][gc,heap     ] GC(1) Humongous regions: 129->129
[2026-06-16T13:35:24.556+0530][gc,metaspace] GC(1) Metaspace: 21282K(21504K)->21282K(21504K) NonClass: 18726K(18816K)->18726K(18816K) Class: 2555K(2688K)->2555K(2688K)
[2026-06-16T13:35:24.556+0530][gc          ] GC(1) Pause Young (Concurrent Start) (Metadata GC Threshold) 149M->138M(1024M) 4.516ms
[2026-06-16T13:35:24.556+0530][gc,cpu      ] GC(1) User=0.03s Sys=0.00s Real=0.00s
[2026-06-16T13:35:24.556+0530][gc          ] GC(2) Concurrent Mark Cycle
[2026-06-16T13:35:24.556+0530][gc,marking  ] GC(2) Concurrent Clear Claimed Marks
[2026-06-16T13:35:24.556+0530][gc,marking  ] GC(2) Concurrent Clear Claimed Marks 0.035ms
[2026-06-16T13:35:24.556+0530][gc,marking  ] GC(2) Concurrent Scan Root Regions
[2026-06-16T13:35:24.558+0530][gc,marking  ] GC(2) Concurrent Scan Root Regions 1.787ms
[2026-06-16T13:35:24.558+0530][gc,marking  ] GC(2) Concurrent Mark
[2026-06-16T13:35:24.558+0530][gc,marking  ] GC(2) Concurrent Mark From Roots
[2026-06-16T13:35:24.558+0530][gc,task     ] GC(2) Using 3 workers of 3 for marking
[2026-06-16T13:35:24.560+0530][gc,marking  ] GC(2) Concurrent Mark From Roots 1.628ms
[2026-06-16T13:35:24.560+0530][gc,marking  ] GC(2) Concurrent Preclean
[2026-06-16T13:35:24.560+0530][gc,marking  ] GC(2) Concurrent Preclean 0.127ms
[2026-06-16T13:35:24.560+0530][gc,start    ] GC(2) Pause Remark
[2026-06-16T13:35:24.561+0530][gc          ] GC(2) Pause Remark 139M->139M(1024M) 1.520ms
[2026-06-16T13:35:24.561+0530][gc,cpu      ] GC(2) User=0.01s Sys=0.00s Real=0.00s
[2026-06-16T13:35:24.562+0530][gc,marking  ] GC(2) Concurrent Mark 3.609ms
[2026-06-16T13:35:24.562+0530][gc,marking  ] GC(2) Concurrent Rebuild Remembered Sets
[2026-06-16T13:35:24.563+0530][gc,marking  ] GC(2) Concurrent Rebuild Remembered Sets 1.623ms
[2026-06-16T13:35:24.563+0530][gc,start    ] GC(2) Pause Cleanup
[2026-06-16T13:35:24.563+0530][gc          ] GC(2) Pause Cleanup 139M->139M(1024M) 0.131ms
[2026-06-16T13:35:24.563+0530][gc,cpu      ] GC(2) User=0.00s Sys=0.00s Real=0.00s
[2026-06-16T13:35:24.564+0530][gc,marking  ] GC(2) Concurrent Cleanup for Next Mark
[2026-06-16T13:35:24.568+0530][gc,marking  ] GC(2) Concurrent Cleanup for Next Mark 4.618ms
[2026-06-16T13:35:24.568+0530][gc          ] GC(2) Concurrent Mark Cycle 12.262ms
[2026-06-16T13:35:25.229+0530][gc,start    ] GC(3) Pause Young (Normal) (G1 Evacuation Pause)
[2026-06-16T13:35:25.229+0530][gc,task     ] GC(3) Using 10 workers of 10 for evacuation
[2026-06-16T13:35:25.233+0530][gc,phases   ] GC(3)   Pre Evacuate Collection Set: 0.13ms
[2026-06-16T13:35:25.233+0530][gc,phases   ] GC(3)   Merge Heap Roots: 0.05ms
[2026-06-16T13:35:25.233+0530][gc,phases   ] GC(3)   Evacuate Collection Set: 2.87ms
[2026-06-16T13:35:25.233+0530][gc,phases   ] GC(3)   Post Evacuate Collection Set: 0.41ms
[2026-06-16T13:35:25.233+0530][gc,phases   ] GC(3)   Other: 0.13ms
[2026-06-16T13:35:25.233+0530][gc,heap     ] GC(3) Eden regions: 49->0(44)
[2026-06-16T13:35:25.233+0530][gc,heap     ] GC(3) Survivor regions: 2->7(7)
[2026-06-16T13:35:25.233+0530][gc,heap     ] GC(3) Old regions: 8->8
[2026-06-16T13:35:25.233+0530][gc,heap     ] GC(3) Archive regions: 2->2
[2026-06-16T13:35:25.233+0530][gc,heap     ] GC(3) Humongous regions: 129->129
[2026-06-16T13:35:25.233+0530][gc,metaspace] GC(3) Metaspace: 32567K(32832K)->32567K(32832K) NonClass: 28937K(29056K)->28937K(29056K) Class: 3629K(3776K)->3629K(3776K)
[2026-06-16T13:35:25.233+0530][gc          ] GC(3) Pause Young (Normal) (G1 Evacuation Pause) 187M->143M(1024M) 3.756ms
[2026-06-16T13:35:25.233+0530][gc,cpu      ] GC(3) User=0.03s Sys=0.00s Real=0.01s
[2026-06-16T15:51:32.292+0530][gc,start    ] GC(4) Pause Young (Normal) (G1 Evacuation Pause)
[2026-06-16T15:51:32.294+0530][gc,task     ] GC(4) Using 10 workers of 10 for evacuation
[2026-06-16T15:51:32.348+0530][gc,mmu      ] GC(4) MMU target violated: 21.0ms (20.0ms/21.0ms)
[2026-06-16T15:51:32.348+0530][gc,phases   ] GC(4)   Pre Evacuate Collection Set: 11.21ms
[2026-06-16T15:51:32.348+0530][gc,phases   ] GC(4)   Merge Heap Roots: 2.00ms
[2026-06-16T15:51:32.348+0530][gc,phases   ] GC(4)   Evacuate Collection Set: 32.63ms
[2026-06-16T15:51:32.348+0530][gc,phases   ] GC(4)   Post Evacuate Collection Set: 5.50ms
[2026-06-16T15:51:32.348+0530][gc,phases   ] GC(4)   Other: 6.39ms
[2026-06-16T15:51:32.348+0530][gc,heap     ] GC(4) Eden regions: 44->0(50)
[2026-06-16T15:51:32.348+0530][gc,heap     ] GC(4) Survivor regions: 7->1(7)
[2026-06-16T15:51:32.348+0530][gc,heap     ] GC(4) Old regions: 8->14
[2026-06-16T15:51:32.348+0530][gc,heap     ] GC(4) Archive regions: 2->2
[2026-06-16T15:51:32.348+0530][gc,heap     ] GC(4) Humongous regions: 129->129
[2026-06-16T15:51:32.348+0530][gc,metaspace] GC(4) Metaspace: 35391K(35648K)->35391K(35648K) NonClass: 31429K(31552K)->31429K(31552K) Class: 3962K(4096K)->3962K(4096K)
[2026-06-16T15:51:32.348+0530][gc          ] GC(4) Pause Young (Normal) (G1 Evacuation Pause) 187M->144M(1024M) 56.818ms
[2026-06-16T15:51:32.348+0530][gc,cpu      ] GC(4) User=0.03s Sys=0.07s Real=0.06s
[2026-06-16T16:45:07.514+0530][gc,start    ] GC(5) Pause Young (Concurrent Start) (Metadata GC Threshold)
[2026-06-16T16:45:07.514+0530][gc,task     ] GC(5) Using 10 workers of 10 for evacuation
[2026-06-16T16:45:07.522+0530][gc,phases   ] GC(5)   Pre Evacuate Collection Set: 0.16ms
[2026-06-16T16:45:07.522+0530][gc,phases   ] GC(5)   Merge Heap Roots: 0.05ms
[2026-06-16T16:45:07.522+0530][gc,phases   ] GC(5)   Evacuate Collection Set: 5.47ms
[2026-06-16T16:45:07.522+0530][gc,phases   ] GC(5)   Post Evacuate Collection Set: 0.21ms
[2026-06-16T16:45:07.522+0530][gc,phases   ] GC(5)   Other: 2.13ms
[2026-06-16T16:45:07.522+0530][gc,heap     ] GC(5) Eden regions: 23->0(50)
[2026-06-16T16:45:07.522+0530][gc,heap     ] GC(5) Survivor regions: 1->1(7)
[2026-06-16T16:45:07.522+0530][gc,heap     ] GC(5) Old regions: 14->14
[2026-06-16T16:45:07.522+0530][gc,heap     ] GC(5) Archive regions: 2->2
[2026-06-16T16:45:07.522+0530][gc,heap     ] GC(5) Humongous regions: 129->129
[2026-06-16T16:45:07.522+0530][gc,metaspace] GC(5) Metaspace: 35712K(35968K)->35712K(35968K) NonClass: 31717K(31872K)->31717K(31872K) Class: 3995K(4096K)->3995K(4096K)
[2026-06-16T16:45:07.522+0530][gc          ] GC(5) Pause Young (Concurrent Start) (Metadata GC Threshold) 167M->144M(1024M) 8.178ms
[2026-06-16T16:45:07.522+0530][gc,cpu      ] GC(5) User=0.01s Sys=0.00s Real=0.01s
[2026-06-16T16:45:07.522+0530][gc          ] GC(6) Concurrent Mark Cycle
[2026-06-16T16:45:07.522+0530][gc,marking  ] GC(6) Concurrent Clear Claimed Marks
[2026-06-16T16:45:07.522+0530][gc,marking  ] GC(6) Concurrent Clear Claimed Marks 0.012ms
[2026-06-16T16:45:07.522+0530][gc,marking  ] GC(6) Concurrent Scan Root Regions
[2026-06-16T16:45:07.526+0530][gc,marking  ] GC(6) Concurrent Scan Root Regions 4.014ms
[2026-06-16T16:45:07.526+0530][gc,marking  ] GC(6) Concurrent Mark
[2026-06-16T16:45:07.526+0530][gc,marking  ] GC(6) Concurrent Mark From Roots
[2026-06-16T16:45:07.526+0530][gc,task     ] GC(6) Using 3 workers of 3 for marking
[2026-06-16T16:45:07.545+0530][gc,marking  ] GC(6) Concurrent Mark From Roots 18.953ms
[2026-06-16T16:45:07.545+0530][gc,marking  ] GC(6) Concurrent Preclean
[2026-06-16T16:45:07.546+0530][gc,marking  ] GC(6) Concurrent Preclean 0.206ms
[2026-06-16T16:45:07.550+0530][gc,start    ] GC(6) Pause Remark
[2026-06-16T16:45:07.631+0530][gc,mmu      ] GC(6) MMU target violated: 21.0ms (20.0ms/21.0ms)
[2026-06-16T16:45:07.631+0530][gc          ] GC(6) Pause Remark 144M->144M(1024M) 80.784ms
[2026-06-16T16:45:07.631+0530][gc,cpu      ] GC(6) User=0.04s Sys=0.05s Real=0.08s
[2026-06-16T16:45:07.631+0530][gc,marking  ] GC(6) Concurrent Mark 104.361ms
[2026-06-16T16:45:07.631+0530][gc,marking  ] GC(6) Concurrent Rebuild Remembered Sets
[2026-06-16T16:45:07.634+0530][gc,marking  ] GC(6) Concurrent Rebuild Remembered Sets 2.835ms
[2026-06-16T16:45:07.650+0530][gc,start    ] GC(6) Pause Cleanup
[2026-06-16T16:45:07.650+0530][gc          ] GC(6) Pause Cleanup 145M->145M(1024M) 0.129ms
[2026-06-16T16:45:07.650+0530][gc,cpu      ] GC(6) User=0.00s Sys=0.00s Real=0.00s
[2026-06-16T16:45:07.650+0530][gc,marking  ] GC(6) Concurrent Cleanup for Next Mark
[2026-06-16T16:45:07.654+0530][gc,marking  ] GC(6) Concurrent Cleanup for Next Mark 4.206ms
[2026-06-16T16:45:07.654+0530][gc          ] GC(6) Concurrent Mark Cycle 131.650ms
[2026-06-16T17:42:49.746+0530][gc,start    ] GC(7) Pause Young (Normal) (G1 Evacuation Pause)
[2026-06-16T17:42:49.746+0530][gc,task     ] GC(7) Using 10 workers of 10 for evacuation
[2026-06-16T17:42:49.751+0530][gc,phases   ] GC(7)   Pre Evacuate Collection Set: 0.32ms
[2026-06-16T17:42:49.751+0530][gc,phases   ] GC(7)   Merge Heap Roots: 0.08ms
[2026-06-16T17:42:49.751+0530][gc,phases   ] GC(7)   Evacuate Collection Set: 1.53ms
[2026-06-16T17:42:49.751+0530][gc,phases   ] GC(7)   Post Evacuate Collection Set: 2.85ms
[2026-06-16T17:42:49.751+0530][gc,phases   ] GC(7)   Other: 0.14ms
[2026-06-16T17:42:49.751+0530][gc,heap     ] GC(7) Eden regions: 50->0(48)
[2026-06-16T17:42:49.751+0530][gc,heap     ] GC(7) Survivor regions: 1->3(7)
[2026-06-16T17:42:49.751+0530][gc,heap     ] GC(7) Old regions: 14->14
[2026-06-16T17:42:49.751+0530][gc,heap     ] GC(7) Archive regions: 2->2
[2026-06-16T17:42:49.751+0530][gc,heap     ] GC(7) Humongous regions: 129->129
[2026-06-16T17:42:49.751+0530][gc,metaspace] GC(7) Metaspace: 38734K(39168K)->38734K(39168K) NonClass: 34187K(34432K)->34187K(34432K) Class: 4546K(4736K)->4546K(4736K)
[2026-06-16T17:42:49.751+0530][gc          ] GC(7) Pause Young (Normal) (G1 Evacuation Pause) 194M->145M(1024M) 5.039ms
[2026-06-16T17:42:49.751+0530][gc,cpu      ] GC(7) User=0.01s Sys=0.00s Real=0.00s
[2026-06-16T18:14:03.334+0530][gc,start    ] GC(8) Pause Young (Normal) (G1 Evacuation Pause)
[2026-06-16T18:14:03.334+0530][gc,task     ] GC(8) Using 10 workers of 10 for evacuation
[2026-06-16T18:14:03.344+0530][gc,phases   ] GC(8)   Pre Evacuate Collection Set: 0.22ms
[2026-06-16T18:14:03.344+0530][gc,phases   ] GC(8)   Merge Heap Roots: 0.06ms
[2026-06-16T18:14:03.344+0530][gc,phases   ] GC(8)   Evacuate Collection Set: 9.11ms
[2026-06-16T18:14:03.344+0530][gc,phases   ] GC(8)   Post Evacuate Collection Set: 0.41ms
[2026-06-16T18:14:03.344+0530][gc,phases   ] GC(8)   Other: 0.20ms
[2026-06-16T18:14:03.344+0530][gc,heap     ] GC(8) Eden regions: 48->0(46)
[2026-06-16T18:14:03.344+0530][gc,heap     ] GC(8) Survivor regions: 3->5(7)
[2026-06-16T18:14:03.344+0530][gc,heap     ] GC(8) Old regions: 14->14
[2026-06-16T18:14:03.344+0530][gc,heap     ] GC(8) Archive regions: 2->2
[2026-06-16T18:14:03.344+0530][gc,heap     ] GC(8) Humongous regions: 129->129
[2026-06-16T18:14:03.344+0530][gc,metaspace] GC(8) Metaspace: 40754K(41344K)->40754K(41344K) NonClass: 35920K(36288K)->35920K(36288K) Class: 4834K(5056K)->4834K(5056K)
[2026-06-16T18:14:03.344+0530][gc          ] GC(8) Pause Young (Normal) (G1 Evacuation Pause) 193M->147M(1024M) 10.248ms
[2026-06-16T18:14:03.345+0530][gc,cpu      ] GC(8) User=0.02s Sys=0.01s Real=0.02s
[2026-06-16T18:45:54.733+0530][gc,start    ] GC(9) Pause Young (Normal) (G1 Evacuation Pause)
[2026-06-16T18:45:54.734+0530][gc,task     ] GC(9) Using 10 workers of 10 for evacuation
[2026-06-16T18:45:54.764+0530][gc,mmu      ] GC(9) MMU target violated: 21.0ms (20.0ms/21.0ms)
[2026-06-16T18:45:54.764+0530][gc,phases   ] GC(9)   Pre Evacuate Collection Set: 5.06ms
[2026-06-16T18:45:54.764+0530][gc,phases   ] GC(9)   Merge Heap Roots: 2.01ms
[2026-06-16T18:45:54.764+0530][gc,phases   ] GC(9)   Evacuate Collection Set: 18.83ms
[2026-06-16T18:45:54.764+0530][gc,phases   ] GC(9)   Post Evacuate Collection Set: 3.37ms
[2026-06-16T18:45:54.764+0530][gc,phases   ] GC(9)   Other: 7.90ms
[2026-06-16T18:45:54.764+0530][gc,heap     ] GC(9) Eden regions: 46->0(46)
[2026-06-16T18:45:54.764+0530][gc,heap     ] GC(9) Survivor regions: 5->5(7)
[2026-06-16T18:45:54.764+0530][gc,heap     ] GC(9) Old regions: 14->14
[2026-06-16T18:45:54.764+0530][gc,heap     ] GC(9) Archive regions: 2->2
[2026-06-16T18:45:54.764+0530][gc,heap     ] GC(9) Humongous regions: 129->129
[2026-06-16T18:45:54.764+0530][gc,metaspace] GC(9) Metaspace: 41256K(41856K)->41256K(41856K) NonClass: 36383K(36736K)->36383K(36736K) Class: 4873K(5120K)->4873K(5120K)
[2026-06-16T18:45:54.764+0530][gc          ] GC(9) Pause Young (Normal) (G1 Evacuation Pause) 193M->148M(1024M) 31.211ms
[2026-06-16T18:45:54.764+0530][gc,cpu      ] GC(9) User=0.03s Sys=0.06s Real=0.03s
[2026-06-16T19:23:02.664+0530][gc,start    ] GC(10) Pause Young (Normal) (G1 Evacuation Pause)
[2026-06-16T19:23:02.665+0530][gc,task     ] GC(10) Using 10 workers of 10 for evacuation
[2026-06-16T19:23:02.667+0530][gc,phases   ] GC(10)   Pre Evacuate Collection Set: 0.13ms
[2026-06-16T19:23:02.667+0530][gc,phases   ] GC(10)   Merge Heap Roots: 0.06ms
[2026-06-16T19:23:02.667+0530][gc,phases   ] GC(10)   Evacuate Collection Set: 1.79ms
[2026-06-16T19:23:02.667+0530][gc,phases   ] GC(10)   Post Evacuate Collection Set: 0.34ms
[2026-06-16T19:23:02.667+0530][gc,phases   ] GC(10)   Other: 0.36ms
[2026-06-16T19:23:02.667+0530][gc,heap     ] GC(10) Eden regions: 46->0(48)
[2026-06-16T19:23:02.667+0530][gc,heap     ] GC(10) Survivor regions: 5->3(7)
[2026-06-16T19:23:02.667+0530][gc,heap     ] GC(10) Old regions: 14->16
[2026-06-16T19:23:02.667+0530][gc,heap     ] GC(10) Archive regions: 2->2
[2026-06-16T19:23:02.667+0530][gc,heap     ] GC(10) Humongous regions: 129->129
[2026-06-16T19:23:02.667+0530][gc,metaspace] GC(10) Metaspace: 41295K(41856K)->41295K(41856K) NonClass: 36422K(36736K)->36422K(36736K) Class: 4873K(5120K)->4873K(5120K)
[2026-06-16T19:23:02.667+0530][gc          ] GC(10) Pause Young (Normal) (G1 Evacuation Pause) 194M->148M(1024M) 2.761ms
[2026-06-16T19:23:02.667+0530][gc,cpu      ] GC(10) User=0.02s Sys=0.00s Real=0.00s
[2026-06-16T19:53:50.852+0530][gc,start    ] GC(11) Pause Young (Normal) (G1 Evacuation Pause)
[2026-06-16T19:53:50.852+0530][gc,task     ] GC(11) Using 10 workers of 10 for evacuation
[2026-06-16T19:53:50.854+0530][gc,phases   ] GC(11)   Pre Evacuate Collection Set: 0.07ms
[2026-06-16T19:53:50.854+0530][gc,phases   ] GC(11)   Merge Heap Roots: 0.05ms
[2026-06-16T19:53:50.854+0530][gc,phases   ] GC(11)   Evacuate Collection Set: 1.92ms
[2026-06-16T19:53:50.854+0530][gc,phases   ] GC(11)   Post Evacuate Collection Set: 0.26ms
[2026-06-16T19:53:50.854+0530][gc,phases   ] GC(11)   Other: 0.08ms
[2026-06-16T19:53:50.854+0530][gc,heap     ] GC(11) Eden regions: 48->0(86)
[2026-06-16T19:53:50.854+0530][gc,heap     ] GC(11) Survivor regions: 3->3(7)
[2026-06-16T19:53:50.854+0530][gc,heap     ] GC(11) Old regions: 16->16
[2026-06-16T19:53:50.854+0530][gc,heap     ] GC(11) Archive regions: 2->2
[2026-06-16T19:53:50.854+0530][gc,heap     ] GC(11) Humongous regions: 129->129
[2026-06-16T19:53:50.854+0530][gc,metaspace] GC(11) Metaspace: 41930K(42432K)->41930K(42432K) NonClass: 36901K(37184K)->36901K(37184K) Class: 5028K(5248K)->5028K(5248K)
[2026-06-16T19:53:50.854+0530][gc          ] GC(11) Pause Young (Normal) (G1 Evacuation Pause) 196M->148M(1024M) 2.439ms
[2026-06-16T19:53:50.854+0530][gc,cpu      ] GC(11) User=0.01s Sys=0.00s Real=0.00s
[2026-06-16T19:53:50.855+0530][gc,heap,exit] Heap
[2026-06-16T19:53:50.855+0530][gc,heap,exit]  garbage-first heap   total 1048576K, used 151944K [0x00000000c0000000, 0x0000000100000000)
[2026-06-16T19:53:50.855+0530][gc,heap,exit]   region size 1024K, 4 young (4096K), 3 survivors (3072K)
[2026-06-16T19:53:50.855+0530][gc,heap,exit]  Metaspace       used 41934K, committed 42432K, reserved 1114112K
[2026-06-16T19:53:50.855+0530][gc,heap,exit]   class space    used 5030K, committed 5248K, reserved 1048576K
