[2026-06-15T14:30:40.200+0530][gc] Using G1
[2026-06-15T14:30:40.210+0530][gc,init] Version: 17.0.19+10-1-24.04.2-Ubuntu (release)
[2026-06-15T14:30:40.210+0530][gc,init] CPUs: 16 total, 12 available
[2026-06-15T14:30:40.210+0530][gc,init] Memory: 7275M
[2026-06-15T14:30:40.210+0530][gc,init] Large Page Support: Disabled
[2026-06-15T14:30:40.210+0530][gc,init] NUMA Support: Disabled
[2026-06-15T14:30:40.210+0530][gc,init] Compressed Oops: Enabled (32-bit)
[2026-06-15T14:30:40.210+0530][gc,init] Heap Region Size: 1M
[2026-06-15T14:30:40.210+0530][gc,init] Heap Min Capacity: 1G
[2026-06-15T14:30:40.210+0530][gc,init] Heap Initial Capacity: 1G
[2026-06-15T14:30:40.210+0530][gc,init] Heap Max Capacity: 1G
[2026-06-15T14:30:40.210+0530][gc,init] Pre-touch: Disabled
[2026-06-15T14:30:40.210+0530][gc,init] Parallel Workers: 10
[2026-06-15T14:30:40.210+0530][gc,init] Concurrent Workers: 3
[2026-06-15T14:30:40.210+0530][gc,init] Concurrent Refinement Workers: 10
[2026-06-15T14:30:40.210+0530][gc,init] Periodic GC: Disabled
[2026-06-15T14:30:40.216+0530][gc,metaspace] CDS archive(s) mapped at: [0x000077c12f000000-0x000077c12fbc7000-0x000077c12fbc7000), size 12349440, SharedBaseAddress: 0x000077c12f000000, ArchiveRelocationMode: 1.
[2026-06-15T14:30:40.216+0530][gc,metaspace] Compressed class space mapped at: 0x000077c130000000-0x000077c170000000, reserved size: 1073741824
[2026-06-15T14:30:40.216+0530][gc,metaspace] Narrow klass base: 0x000077c12f000000, Narrow klass shift: 0, Narrow klass range: 0x100000000
[2026-06-15T14:30:40.866+0530][gc,start    ] GC(0) Pause Young (Normal) (G1 Evacuation Pause)
[2026-06-15T14:30:40.867+0530][gc,task     ] GC(0) Using 10 workers of 10 for evacuation
[2026-06-15T14:30:40.870+0530][gc,phases   ] GC(0)   Pre Evacuate Collection Set: 0.06ms
[2026-06-15T14:30:40.870+0530][gc,phases   ] GC(0)   Merge Heap Roots: 0.06ms
[2026-06-15T14:30:40.870+0530][gc,phases   ] GC(0)   Evacuate Collection Set: 2.64ms
[2026-06-15T14:30:40.870+0530][gc,phases   ] GC(0)   Post Evacuate Collection Set: 0.31ms
[2026-06-15T14:30:40.870+0530][gc,phases   ] GC(0)   Other: 1.16ms
[2026-06-15T14:30:40.870+0530][gc,heap     ] GC(0) Eden regions: 51->0(44)
[2026-06-15T14:30:40.870+0530][gc,heap     ] GC(0) Survivor regions: 0->7(7)
[2026-06-15T14:30:40.870+0530][gc,heap     ] GC(0) Old regions: 0->1
[2026-06-15T14:30:40.870+0530][gc,heap     ] GC(0) Archive regions: 2->2
[2026-06-15T14:30:40.870+0530][gc,heap     ] GC(0) Humongous regions: 0->0
[2026-06-15T14:30:40.870+0530][gc,metaspace] GC(0) Metaspace: 18424K(18688K)->18424K(18688K) NonClass: 16252K(16384K)->16252K(16384K) Class: 2172K(2304K)->2172K(2304K)
[2026-06-15T14:30:40.870+0530][gc          ] GC(0) Pause Young (Normal) (G1 Evacuation Pause) 51M->8M(1024M) 4.316ms
[2026-06-15T14:30:40.870+0530][gc,cpu      ] GC(0) User=0.02s Sys=0.01s Real=0.01s
[2026-06-15T14:30:41.085+0530][gc,start    ] GC(1) Pause Young (Concurrent Start) (Metadata GC Threshold)
[2026-06-15T14:30:41.085+0530][gc,task     ] GC(1) Using 10 workers of 10 for evacuation
[2026-06-15T14:30:41.089+0530][gc,phases   ] GC(1)   Pre Evacuate Collection Set: 0.10ms
[2026-06-15T14:30:41.089+0530][gc,phases   ] GC(1)   Merge Heap Roots: 0.04ms
[2026-06-15T14:30:41.089+0530][gc,phases   ] GC(1)   Evacuate Collection Set: 3.22ms
[2026-06-15T14:30:41.089+0530][gc,phases   ] GC(1)   Post Evacuate Collection Set: 0.37ms
[2026-06-15T14:30:41.089+0530][gc,phases   ] GC(1)   Other: 0.20ms
[2026-06-15T14:30:41.089+0530][gc,heap     ] GC(1) Eden regions: 13->0(49)
[2026-06-15T14:30:41.089+0530][gc,heap     ] GC(1) Survivor regions: 7->2(7)
[2026-06-15T14:30:41.089+0530][gc,heap     ] GC(1) Old regions: 1->8
[2026-06-15T14:30:41.089+0530][gc,heap     ] GC(1) Archive regions: 2->2
[2026-06-15T14:30:41.089+0530][gc,heap     ] GC(1) Humongous regions: 129->129
[2026-06-15T14:30:41.089+0530][gc,metaspace] GC(1) Metaspace: 21260K(21504K)->21260K(21504K) NonClass: 18708K(18816K)->18708K(18816K) Class: 2551K(2688K)->2551K(2688K)
[2026-06-15T14:30:41.089+0530][gc          ] GC(1) Pause Young (Concurrent Start) (Metadata GC Threshold) 150M->139M(1024M) 4.030ms
[2026-06-15T14:30:41.089+0530][gc,cpu      ] GC(1) User=0.02s Sys=0.01s Real=0.01s
[2026-06-15T14:30:41.089+0530][gc          ] GC(2) Concurrent Mark Cycle
[2026-06-15T14:30:41.089+0530][gc,marking  ] GC(2) Concurrent Clear Claimed Marks
[2026-06-15T14:30:41.089+0530][gc,marking  ] GC(2) Concurrent Clear Claimed Marks 0.027ms
[2026-06-15T14:30:41.089+0530][gc,marking  ] GC(2) Concurrent Scan Root Regions
[2026-06-15T14:30:41.091+0530][gc,marking  ] GC(2) Concurrent Scan Root Regions 1.319ms
[2026-06-15T14:30:41.091+0530][gc,marking  ] GC(2) Concurrent Mark
[2026-06-15T14:30:41.091+0530][gc,marking  ] GC(2) Concurrent Mark From Roots
[2026-06-15T14:30:41.091+0530][gc,task     ] GC(2) Using 3 workers of 3 for marking
[2026-06-15T14:30:41.092+0530][gc,marking  ] GC(2) Concurrent Mark From Roots 0.893ms
[2026-06-15T14:30:41.092+0530][gc,marking  ] GC(2) Concurrent Preclean
[2026-06-15T14:30:41.092+0530][gc,marking  ] GC(2) Concurrent Preclean 0.092ms
[2026-06-15T14:30:41.092+0530][gc,start    ] GC(2) Pause Remark
[2026-06-15T14:30:41.093+0530][gc          ] GC(2) Pause Remark 139M->139M(1024M) 0.821ms
[2026-06-15T14:30:41.093+0530][gc,cpu      ] GC(2) User=0.00s Sys=0.00s Real=0.00s
[2026-06-15T14:30:41.093+0530][gc,marking  ] GC(2) Concurrent Mark 1.898ms
[2026-06-15T14:30:41.093+0530][gc,marking  ] GC(2) Concurrent Rebuild Remembered Sets
[2026-06-15T14:30:41.094+0530][gc,marking  ] GC(2) Concurrent Rebuild Remembered Sets 0.932ms
[2026-06-15T14:30:41.094+0530][gc,start    ] GC(2) Pause Cleanup
[2026-06-15T14:30:41.094+0530][gc          ] GC(2) Pause Cleanup 139M->139M(1024M) 0.057ms
[2026-06-15T14:30:41.094+0530][gc,cpu      ] GC(2) User=0.00s Sys=0.00s Real=0.00s
[2026-06-15T14:30:41.094+0530][gc,marking  ] GC(2) Concurrent Cleanup for Next Mark
[2026-06-15T14:30:41.097+0530][gc,marking  ] GC(2) Concurrent Cleanup for Next Mark 3.103ms
[2026-06-15T14:30:41.097+0530][gc          ] GC(2) Concurrent Mark Cycle 7.823ms
[2026-06-15T14:30:41.473+0530][gc,start    ] GC(3) Pause Young (Normal) (G1 Evacuation Pause)
[2026-06-15T14:30:41.473+0530][gc,task     ] GC(3) Using 10 workers of 10 for evacuation
[2026-06-15T14:30:41.475+0530][gc,phases   ] GC(3)   Pre Evacuate Collection Set: 0.07ms
[2026-06-15T14:30:41.475+0530][gc,phases   ] GC(3)   Merge Heap Roots: 0.04ms
[2026-06-15T14:30:41.475+0530][gc,phases   ] GC(3)   Evacuate Collection Set: 2.09ms
[2026-06-15T14:30:41.475+0530][gc,phases   ] GC(3)   Post Evacuate Collection Set: 0.23ms
[2026-06-15T14:30:41.475+0530][gc,phases   ] GC(3)   Other: 0.10ms
[2026-06-15T14:30:41.475+0530][gc,heap     ] GC(3) Eden regions: 49->0(44)
[2026-06-15T14:30:41.475+0530][gc,heap     ] GC(3) Survivor regions: 2->7(7)
[2026-06-15T14:30:41.475+0530][gc,heap     ] GC(3) Old regions: 8->8
[2026-06-15T14:30:41.475+0530][gc,heap     ] GC(3) Archive regions: 2->2
[2026-06-15T14:30:41.476+0530][gc,heap     ] GC(3) Humongous regions: 129->129
[2026-06-15T14:30:41.476+0530][gc,metaspace] GC(3) Metaspace: 32581K(32896K)->32581K(32896K) NonClass: 28970K(29120K)->28970K(29120K) Class: 3610K(3776K)->3610K(3776K)
[2026-06-15T14:30:41.476+0530][gc          ] GC(3) Pause Young (Normal) (G1 Evacuation Pause) 188M->143M(1024M) 2.606ms
[2026-06-15T14:30:41.476+0530][gc,cpu      ] GC(3) User=0.02s Sys=0.00s Real=0.00s
[2026-06-15T15:57:56.763+0530][gc,start    ] GC(4) Pause Young (Normal) (G1 Evacuation Pause)
[2026-06-15T15:57:56.765+0530][gc,task     ] GC(4) Using 10 workers of 10 for evacuation
[2026-06-15T15:57:56.827+0530][gc,mmu      ] GC(4) MMU target violated: 21.0ms (20.0ms/21.0ms)
[2026-06-15T15:57:56.828+0530][gc,phases   ] GC(4)   Pre Evacuate Collection Set: 9.48ms
[2026-06-15T15:57:56.828+0530][gc,phases   ] GC(4)   Merge Heap Roots: 2.98ms
[2026-06-15T15:57:56.828+0530][gc,phases   ] GC(4)   Evacuate Collection Set: 40.77ms
[2026-06-15T15:57:56.828+0530][gc,phases   ] GC(4)   Post Evacuate Collection Set: 8.36ms
[2026-06-15T15:57:56.828+0530][gc,phases   ] GC(4)   Other: 3.36ms
[2026-06-15T15:57:56.828+0530][gc,heap     ] GC(4) Eden regions: 44->0(50)
[2026-06-15T15:57:56.828+0530][gc,heap     ] GC(4) Survivor regions: 7->1(7)
[2026-06-15T15:57:56.828+0530][gc,heap     ] GC(4) Old regions: 8->14
[2026-06-15T15:57:56.828+0530][gc,heap     ] GC(4) Archive regions: 2->2
[2026-06-15T15:57:56.828+0530][gc,heap     ] GC(4) Humongous regions: 129->129
[2026-06-15T15:57:56.828+0530][gc,metaspace] GC(4) Metaspace: 35424K(35712K)->35424K(35712K) NonClass: 31456K(31616K)->31456K(31616K) Class: 3968K(4096K)->3968K(4096K)
[2026-06-15T15:57:56.828+0530][gc          ] GC(4) Pause Young (Normal) (G1 Evacuation Pause) 187M->144M(1024M) 64.398ms
[2026-06-15T15:57:56.828+0530][gc,cpu      ] GC(4) User=0.03s Sys=0.07s Real=0.07s
[2026-06-15T17:29:33.030+0530][gc,start    ] GC(5) Pause Young (Concurrent Start) (Metadata GC Threshold)
[2026-06-15T17:29:33.031+0530][gc,task     ] GC(5) Using 10 workers of 10 for evacuation
[2026-06-15T17:29:33.053+0530][gc,mmu      ] GC(5) MMU target violated: 21.0ms (20.0ms/21.0ms)
[2026-06-15T17:29:33.053+0530][gc,phases   ] GC(5)   Pre Evacuate Collection Set: 6.39ms
[2026-06-15T17:29:33.053+0530][gc,phases   ] GC(5)   Merge Heap Roots: 2.68ms
[2026-06-15T17:29:33.053+0530][gc,phases   ] GC(5)   Evacuate Collection Set: 8.24ms
[2026-06-15T17:29:33.053+0530][gc,phases   ] GC(5)   Post Evacuate Collection Set: 1.84ms
[2026-06-15T17:29:33.053+0530][gc,phases   ] GC(5)   Other: 4.12ms
[2026-06-15T17:29:33.053+0530][gc,heap     ] GC(5) Eden regions: 38->0(50)
[2026-06-15T17:29:33.053+0530][gc,heap     ] GC(5) Survivor regions: 1->1(7)
[2026-06-15T17:29:33.054+0530][gc,heap     ] GC(5) Old regions: 14->14
[2026-06-15T17:29:33.054+0530][gc,heap     ] GC(5) Archive regions: 2->2
[2026-06-15T17:29:33.054+0530][gc,heap     ] GC(5) Humongous regions: 129->129
[2026-06-15T17:29:33.054+0530][gc,metaspace] GC(5) Metaspace: 35706K(35968K)->35706K(35968K) NonClass: 31716K(31872K)->31716K(31872K) Class: 3989K(4096K)->3989K(4096K)
[2026-06-15T17:29:33.054+0530][gc          ] GC(5) Pause Young (Concurrent Start) (Metadata GC Threshold) 182M->144M(1024M) 23.204ms
[2026-06-15T17:29:33.054+0530][gc,cpu      ] GC(5) User=0.01s Sys=0.01s Real=0.02s
[2026-06-15T17:29:33.054+0530][gc          ] GC(6) Concurrent Mark Cycle
[2026-06-15T17:29:33.054+0530][gc,marking  ] GC(6) Concurrent Clear Claimed Marks
[2026-06-15T17:29:33.054+0530][gc,marking  ] GC(6) Concurrent Clear Claimed Marks 0.016ms
[2026-06-15T17:29:33.054+0530][gc,marking  ] GC(6) Concurrent Scan Root Regions
[2026-06-15T17:29:33.059+0530][gc,marking  ] GC(6) Concurrent Scan Root Regions 5.398ms
[2026-06-15T17:29:33.059+0530][gc,marking  ] GC(6) Concurrent Mark
[2026-06-15T17:29:33.059+0530][gc,marking  ] GC(6) Concurrent Mark From Roots
[2026-06-15T17:29:33.059+0530][gc,task     ] GC(6) Using 3 workers of 3 for marking
[2026-06-15T17:29:33.085+0530][gc,marking  ] GC(6) Concurrent Mark From Roots 25.560ms
[2026-06-15T17:29:33.085+0530][gc,marking  ] GC(6) Concurrent Preclean
[2026-06-15T17:29:33.085+0530][gc,marking  ] GC(6) Concurrent Preclean 0.238ms
[2026-06-15T17:29:33.085+0530][gc,start    ] GC(6) Pause Remark
[2026-06-15T17:29:33.168+0530][gc,mmu      ] GC(6) MMU target violated: 21.0ms (20.0ms/21.0ms)
[2026-06-15T17:29:33.168+0530][gc          ] GC(6) Pause Remark 144M->144M(1024M) 83.125ms
[2026-06-15T17:29:33.168+0530][gc,cpu      ] GC(6) User=0.01s Sys=0.06s Real=0.09s
[2026-06-15T17:29:33.168+0530][gc,marking  ] GC(6) Concurrent Mark 109.231ms
[2026-06-15T17:29:33.168+0530][gc,marking  ] GC(6) Concurrent Rebuild Remembered Sets
[2026-06-15T17:29:33.171+0530][gc,marking  ] GC(6) Concurrent Rebuild Remembered Sets 2.889ms
[2026-06-15T17:29:33.201+0530][gc,start    ] GC(6) Pause Cleanup
[2026-06-15T17:29:33.201+0530][gc          ] GC(6) Pause Cleanup 144M->144M(1024M) 0.246ms
[2026-06-15T17:29:33.201+0530][gc,cpu      ] GC(6) User=0.00s Sys=0.00s Real=0.00s
[2026-06-15T17:29:33.201+0530][gc,marking  ] GC(6) Concurrent Cleanup for Next Mark
[2026-06-15T17:29:33.205+0530][gc,marking  ] GC(6) Concurrent Cleanup for Next Mark 3.596ms
[2026-06-15T17:29:33.205+0530][gc          ] GC(6) Concurrent Mark Cycle 151.260ms
[2026-06-15T19:51:50.744+0530][gc,start    ] GC(7) Pause Young (Normal) (G1 Evacuation Pause)
[2026-06-15T19:51:50.744+0530][gc,task     ] GC(7) Using 10 workers of 10 for evacuation
[2026-06-15T19:51:50.795+0530][gc,mmu      ] GC(7) MMU target violated: 21.0ms (20.0ms/21.0ms)
[2026-06-15T19:51:50.796+0530][gc,phases   ] GC(7)   Pre Evacuate Collection Set: 12.43ms
[2026-06-15T19:51:50.796+0530][gc,phases   ] GC(7)   Merge Heap Roots: 5.04ms
[2026-06-15T19:51:50.796+0530][gc,phases   ] GC(7)   Evacuate Collection Set: 27.26ms
[2026-06-15T19:51:50.796+0530][gc,phases   ] GC(7)   Post Evacuate Collection Set: 5.84ms
[2026-06-15T19:51:50.796+0530][gc,phases   ] GC(7)   Other: 2.90ms
[2026-06-15T19:51:50.796+0530][gc,heap     ] GC(7) Eden regions: 50->0(49)
[2026-06-15T19:51:50.796+0530][gc,heap     ] GC(7) Survivor regions: 1->2(7)
[2026-06-15T19:51:50.796+0530][gc,heap     ] GC(7) Old regions: 14->14
[2026-06-15T19:51:50.796+0530][gc,heap     ] GC(7) Archive regions: 2->2
[2026-06-15T19:51:50.796+0530][gc,heap     ] GC(7) Humongous regions: 129->129
[2026-06-15T19:51:50.796+0530][gc,metaspace] GC(7) Metaspace: 36012K(36288K)->36012K(36288K) NonClass: 31993K(32128K)->31993K(32128K) Class: 4019K(4160K)->4019K(4160K)
[2026-06-15T19:51:50.796+0530][gc          ] GC(7) Pause Young (Normal) (G1 Evacuation Pause) 194M->144M(1024M) 52.031ms
[2026-06-15T19:51:50.796+0530][gc,cpu      ] GC(7) User=0.02s Sys=0.05s Real=0.05s
[2026-06-15T19:58:55.908+0530][gc,heap,exit] Heap
[2026-06-15T19:58:55.908+0530][gc,heap,exit]  garbage-first heap   total 1048576K, used 161229K [0x00000000c0000000, 0x0000000100000000)
[2026-06-15T19:58:55.908+0530][gc,heap,exit]   region size 1024K, 15 young (15360K), 2 survivors (2048K)
[2026-06-15T19:58:55.908+0530][gc,heap,exit]  Metaspace       used 36707K, committed 36992K, reserved 1114112K
[2026-06-15T19:58:55.908+0530][gc,heap,exit]   class space    used 4166K, committed 4288K, reserved 1048576K
