[2026-06-09T22:16:25.468+0530][gc] Using G1
[2026-06-09T22:16:25.489+0530][gc,init] Version: 17.0.19+10-1-24.04.2-Ubuntu (release)
[2026-06-09T22:16:25.489+0530][gc,init] CPUs: 16 total, 12 available
[2026-06-09T22:16:25.489+0530][gc,init] Memory: 7275M
[2026-06-09T22:16:25.489+0530][gc,init] Large Page Support: Disabled
[2026-06-09T22:16:25.489+0530][gc,init] NUMA Support: Disabled
[2026-06-09T22:16:25.489+0530][gc,init] Compressed Oops: Enabled (32-bit)
[2026-06-09T22:16:25.489+0530][gc,init] Heap Region Size: 1M
[2026-06-09T22:16:25.489+0530][gc,init] Heap Min Capacity: 1G
[2026-06-09T22:16:25.489+0530][gc,init] Heap Initial Capacity: 1G
[2026-06-09T22:16:25.489+0530][gc,init] Heap Max Capacity: 1G
[2026-06-09T22:16:25.489+0530][gc,init] Pre-touch: Disabled
[2026-06-09T22:16:25.489+0530][gc,init] Parallel Workers: 10
[2026-06-09T22:16:25.489+0530][gc,init] Concurrent Workers: 3
[2026-06-09T22:16:25.489+0530][gc,init] Concurrent Refinement Workers: 10
[2026-06-09T22:16:25.489+0530][gc,init] Periodic GC: Disabled
[2026-06-09T22:16:25.503+0530][gc,metaspace] CDS archive(s) mapped at: [0x0000725a2f000000-0x0000725a2fbc7000-0x0000725a2fbc7000), size 12349440, SharedBaseAddress: 0x0000725a2f000000, ArchiveRelocationMode: 1.
[2026-06-09T22:16:25.503+0530][gc,metaspace] Compressed class space mapped at: 0x0000725a30000000-0x0000725a70000000, reserved size: 1073741824
[2026-06-09T22:16:25.503+0530][gc,metaspace] Narrow klass base: 0x0000725a2f000000, Narrow klass shift: 0, Narrow klass range: 0x100000000
[2026-06-09T22:16:26.885+0530][gc,start    ] GC(0) Pause Young (Normal) (G1 Evacuation Pause)
[2026-06-09T22:16:26.888+0530][gc,task     ] GC(0) Using 10 workers of 10 for evacuation
[2026-06-09T22:16:26.892+0530][gc,phases   ] GC(0)   Pre Evacuate Collection Set: 0.13ms
[2026-06-09T22:16:26.892+0530][gc,phases   ] GC(0)   Merge Heap Roots: 0.11ms
[2026-06-09T22:16:26.892+0530][gc,phases   ] GC(0)   Evacuate Collection Set: 3.69ms
[2026-06-09T22:16:26.892+0530][gc,phases   ] GC(0)   Post Evacuate Collection Set: 0.41ms
[2026-06-09T22:16:26.892+0530][gc,phases   ] GC(0)   Other: 2.72ms
[2026-06-09T22:16:26.892+0530][gc,heap     ] GC(0) Eden regions: 51->0(44)
[2026-06-09T22:16:26.892+0530][gc,heap     ] GC(0) Survivor regions: 0->7(7)
[2026-06-09T22:16:26.892+0530][gc,heap     ] GC(0) Old regions: 0->1
[2026-06-09T22:16:26.892+0530][gc,heap     ] GC(0) Archive regions: 2->2
[2026-06-09T22:16:26.892+0530][gc,heap     ] GC(0) Humongous regions: 0->0
[2026-06-09T22:16:26.892+0530][gc,metaspace] GC(0) Metaspace: 18432K(18688K)->18432K(18688K) NonClass: 16260K(16384K)->16260K(16384K) Class: 2172K(2304K)->2172K(2304K)
[2026-06-09T22:16:26.892+0530][gc          ] GC(0) Pause Young (Normal) (G1 Evacuation Pause) 51M->8M(1024M) 7.184ms
[2026-06-09T22:16:26.892+0530][gc,cpu      ] GC(0) User=0.03s Sys=0.01s Real=0.01s
[2026-06-09T22:16:27.290+0530][gc,start    ] GC(1) Pause Young (Concurrent Start) (Metadata GC Threshold)
[2026-06-09T22:16:27.290+0530][gc,task     ] GC(1) Using 10 workers of 10 for evacuation
[2026-06-09T22:16:27.294+0530][gc,phases   ] GC(1)   Pre Evacuate Collection Set: 0.13ms
[2026-06-09T22:16:27.295+0530][gc,phases   ] GC(1)   Merge Heap Roots: 0.08ms
[2026-06-09T22:16:27.295+0530][gc,phases   ] GC(1)   Evacuate Collection Set: 3.81ms
[2026-06-09T22:16:27.295+0530][gc,phases   ] GC(1)   Post Evacuate Collection Set: 0.45ms
[2026-06-09T22:16:27.295+0530][gc,phases   ] GC(1)   Other: 0.33ms
[2026-06-09T22:16:27.295+0530][gc,heap     ] GC(1) Eden regions: 13->0(49)
[2026-06-09T22:16:27.295+0530][gc,heap     ] GC(1) Survivor regions: 7->2(7)
[2026-06-09T22:16:27.295+0530][gc,heap     ] GC(1) Old regions: 1->8
[2026-06-09T22:16:27.295+0530][gc,heap     ] GC(1) Archive regions: 2->2
[2026-06-09T22:16:27.295+0530][gc,heap     ] GC(1) Humongous regions: 129->129
[2026-06-09T22:16:27.295+0530][gc,metaspace] GC(1) Metaspace: 21316K(21504K)->21316K(21504K) NonClass: 18756K(18816K)->18756K(18816K) Class: 2559K(2688K)->2559K(2688K)
[2026-06-09T22:16:27.295+0530][gc          ] GC(1) Pause Young (Concurrent Start) (Metadata GC Threshold) 150M->139M(1024M) 4.909ms
[2026-06-09T22:16:27.295+0530][gc,cpu      ] GC(1) User=0.02s Sys=0.02s Real=0.00s
[2026-06-09T22:16:27.295+0530][gc          ] GC(2) Concurrent Mark Cycle
[2026-06-09T22:16:27.295+0530][gc,marking  ] GC(2) Concurrent Clear Claimed Marks
[2026-06-09T22:16:27.295+0530][gc,marking  ] GC(2) Concurrent Clear Claimed Marks 0.016ms
[2026-06-09T22:16:27.295+0530][gc,marking  ] GC(2) Concurrent Scan Root Regions
[2026-06-09T22:16:27.297+0530][gc,marking  ] GC(2) Concurrent Scan Root Regions 1.895ms
[2026-06-09T22:16:27.297+0530][gc,marking  ] GC(2) Concurrent Mark
[2026-06-09T22:16:27.297+0530][gc,marking  ] GC(2) Concurrent Mark From Roots
[2026-06-09T22:16:27.297+0530][gc,task     ] GC(2) Using 3 workers of 3 for marking
[2026-06-09T22:16:27.298+0530][gc,marking  ] GC(2) Concurrent Mark From Roots 1.534ms
[2026-06-09T22:16:27.298+0530][gc,marking  ] GC(2) Concurrent Preclean
[2026-06-09T22:16:27.298+0530][gc,marking  ] GC(2) Concurrent Preclean 0.153ms
[2026-06-09T22:16:27.299+0530][gc,start    ] GC(2) Pause Remark
[2026-06-09T22:16:27.300+0530][gc          ] GC(2) Pause Remark 139M->139M(1024M) 1.384ms
[2026-06-09T22:16:27.300+0530][gc,cpu      ] GC(2) User=0.00s Sys=0.01s Real=0.00s
[2026-06-09T22:16:27.300+0530][gc,marking  ] GC(2) Concurrent Mark 3.334ms
[2026-06-09T22:16:27.300+0530][gc,marking  ] GC(2) Concurrent Rebuild Remembered Sets
[2026-06-09T22:16:27.302+0530][gc,marking  ] GC(2) Concurrent Rebuild Remembered Sets 1.637ms
[2026-06-09T22:16:27.302+0530][gc,start    ] GC(2) Pause Cleanup
[2026-06-09T22:16:27.302+0530][gc          ] GC(2) Pause Cleanup 139M->139M(1024M) 0.119ms
[2026-06-09T22:16:27.302+0530][gc,cpu      ] GC(2) User=0.00s Sys=0.00s Real=0.00s
[2026-06-09T22:16:27.302+0530][gc,marking  ] GC(2) Concurrent Cleanup for Next Mark
[2026-06-09T22:16:27.308+0530][gc,marking  ] GC(2) Concurrent Cleanup for Next Mark 5.589ms
[2026-06-09T22:16:27.308+0530][gc          ] GC(2) Concurrent Mark Cycle 13.018ms
[2026-06-09T22:16:28.012+0530][gc,start    ] GC(3) Pause Young (Normal) (G1 Evacuation Pause)
[2026-06-09T22:16:28.012+0530][gc,task     ] GC(3) Using 10 workers of 10 for evacuation
[2026-06-09T22:16:28.016+0530][gc,phases   ] GC(3)   Pre Evacuate Collection Set: 0.17ms
[2026-06-09T22:16:28.016+0530][gc,phases   ] GC(3)   Merge Heap Roots: 0.06ms
[2026-06-09T22:16:28.016+0530][gc,phases   ] GC(3)   Evacuate Collection Set: 2.70ms
[2026-06-09T22:16:28.016+0530][gc,phases   ] GC(3)   Post Evacuate Collection Set: 0.39ms
[2026-06-09T22:16:28.016+0530][gc,phases   ] GC(3)   Other: 0.19ms
[2026-06-09T22:16:28.016+0530][gc,heap     ] GC(3) Eden regions: 49->0(44)
[2026-06-09T22:16:28.016+0530][gc,heap     ] GC(3) Survivor regions: 2->7(7)
[2026-06-09T22:16:28.016+0530][gc,heap     ] GC(3) Old regions: 8->8
[2026-06-09T22:16:28.016+0530][gc,heap     ] GC(3) Archive regions: 2->2
[2026-06-09T22:16:28.016+0530][gc,heap     ] GC(3) Humongous regions: 129->129
[2026-06-09T22:16:28.016+0530][gc,metaspace] GC(3) Metaspace: 32610K(32896K)->32610K(32896K) NonClass: 28992K(29120K)->28992K(29120K) Class: 3618K(3776K)->3618K(3776K)
[2026-06-09T22:16:28.016+0530][gc          ] GC(3) Pause Young (Normal) (G1 Evacuation Pause) 188M->143M(1024M) 3.622ms
[2026-06-09T22:16:28.016+0530][gc,cpu      ] GC(3) User=0.03s Sys=0.00s Real=0.00s
[2026-06-09T22:17:03.825+0530][gc,start    ] GC(4) Pause Young (Concurrent Start) (Metadata GC Threshold)
[2026-06-09T22:17:03.825+0530][gc,task     ] GC(4) Using 10 workers of 10 for evacuation
[2026-06-09T22:17:03.829+0530][gc,phases   ] GC(4)   Pre Evacuate Collection Set: 0.16ms
[2026-06-09T22:17:03.829+0530][gc,phases   ] GC(4)   Merge Heap Roots: 0.08ms
[2026-06-09T22:17:03.829+0530][gc,phases   ] GC(4)   Evacuate Collection Set: 3.18ms
[2026-06-09T22:17:03.829+0530][gc,phases   ] GC(4)   Post Evacuate Collection Set: 0.45ms
[2026-06-09T22:17:03.829+0530][gc,phases   ] GC(4)   Other: 0.21ms
[2026-06-09T22:17:03.829+0530][gc,heap     ] GC(4) Eden regions: 16->0(49)
[2026-06-09T22:17:03.829+0530][gc,heap     ] GC(4) Survivor regions: 7->2(7)
[2026-06-09T22:17:03.829+0530][gc,heap     ] GC(4) Old regions: 8->14
[2026-06-09T22:17:03.829+0530][gc,heap     ] GC(4) Archive regions: 2->2
[2026-06-09T22:17:03.829+0530][gc,heap     ] GC(4) Humongous regions: 129->129
[2026-06-09T22:17:03.829+0530][gc,metaspace] GC(4) Metaspace: 35679K(35968K)->35679K(35968K) NonClass: 31529K(31680K)->31529K(31680K) Class: 4150K(4288K)->4150K(4288K)
[2026-06-09T22:17:03.829+0530][gc          ] GC(4) Pause Young (Concurrent Start) (Metadata GC Threshold) 159M->145M(1024M) 4.207ms
[2026-06-09T22:17:03.829+0530][gc,cpu      ] GC(4) User=0.02s Sys=0.01s Real=0.01s
[2026-06-09T22:17:03.829+0530][gc          ] GC(5) Concurrent Mark Cycle
[2026-06-09T22:17:03.829+0530][gc,marking  ] GC(5) Concurrent Clear Claimed Marks
[2026-06-09T22:17:03.829+0530][gc,marking  ] GC(5) Concurrent Clear Claimed Marks 0.028ms
[2026-06-09T22:17:03.829+0530][gc,marking  ] GC(5) Concurrent Scan Root Regions
[2026-06-09T22:17:03.831+0530][gc,marking  ] GC(5) Concurrent Scan Root Regions 2.187ms
[2026-06-09T22:17:03.831+0530][gc,marking  ] GC(5) Concurrent Mark
[2026-06-09T22:17:03.831+0530][gc,marking  ] GC(5) Concurrent Mark From Roots
[2026-06-09T22:17:03.831+0530][gc,task     ] GC(5) Using 3 workers of 3 for marking
[2026-06-09T22:17:03.836+0530][gc,marking  ] GC(5) Concurrent Mark From Roots 4.533ms
[2026-06-09T22:17:03.836+0530][gc,marking  ] GC(5) Concurrent Preclean
[2026-06-09T22:17:03.836+0530][gc,marking  ] GC(5) Concurrent Preclean 0.228ms
[2026-06-09T22:17:03.836+0530][gc,start    ] GC(5) Pause Remark
[2026-06-09T22:17:03.838+0530][gc          ] GC(5) Pause Remark 146M->146M(1024M) 1.551ms
[2026-06-09T22:17:03.838+0530][gc,cpu      ] GC(5) User=0.01s Sys=0.00s Real=0.00s
[2026-06-09T22:17:03.838+0530][gc,marking  ] GC(5) Concurrent Mark 6.548ms
[2026-06-09T22:17:03.838+0530][gc,marking  ] GC(5) Concurrent Rebuild Remembered Sets
[2026-06-09T22:17:03.842+0530][gc,marking  ] GC(5) Concurrent Rebuild Remembered Sets 4.126ms
[2026-06-09T22:17:03.842+0530][gc,start    ] GC(5) Pause Cleanup
[2026-06-09T22:17:03.843+0530][gc          ] GC(5) Pause Cleanup 146M->146M(1024M) 0.137ms
[2026-06-09T22:17:03.843+0530][gc,cpu      ] GC(5) User=0.00s Sys=0.00s Real=0.00s
[2026-06-09T22:17:03.843+0530][gc,marking  ] GC(5) Concurrent Cleanup for Next Mark
[2026-06-09T22:17:03.848+0530][gc,marking  ] GC(5) Concurrent Cleanup for Next Mark 5.623ms
[2026-06-09T22:17:03.848+0530][gc          ] GC(5) Concurrent Mark Cycle 19.395ms
[2026-06-09T22:21:58.956+0530][gc,start    ] GC(6) Pause Young (Prepare Mixed) (G1 Evacuation Pause)
[2026-06-09T22:21:58.956+0530][gc,task     ] GC(6) Using 10 workers of 10 for evacuation
[2026-06-09T22:21:58.960+0530][gc,phases   ] GC(6)   Pre Evacuate Collection Set: 0.16ms
[2026-06-09T22:21:58.960+0530][gc,phases   ] GC(6)   Merge Heap Roots: 0.09ms
[2026-06-09T22:21:58.960+0530][gc,phases   ] GC(6)   Evacuate Collection Set: 3.18ms
[2026-06-09T22:21:58.960+0530][gc,phases   ] GC(6)   Post Evacuate Collection Set: 0.62ms
[2026-06-09T22:21:58.960+0530][gc,phases   ] GC(6)   Other: 0.20ms
[2026-06-09T22:21:58.960+0530][gc,heap     ] GC(6) Eden regions: 49->0(46)
[2026-06-09T22:21:58.960+0530][gc,heap     ] GC(6) Survivor regions: 2->5(7)
[2026-06-09T22:21:58.960+0530][gc,heap     ] GC(6) Old regions: 14->14
[2026-06-09T22:21:58.960+0530][gc,heap     ] GC(6) Archive regions: 2->2
[2026-06-09T22:21:58.960+0530][gc,heap     ] GC(6) Humongous regions: 129->129
[2026-06-09T22:21:58.960+0530][gc,metaspace] GC(6) Metaspace: 40741K(41344K)->40741K(41344K) NonClass: 35963K(36288K)->35963K(36288K) Class: 4777K(5056K)->4777K(5056K)
[2026-06-09T22:21:58.960+0530][gc          ] GC(6) Pause Young (Prepare Mixed) (G1 Evacuation Pause) 194M->148M(1024M) 4.382ms
[2026-06-09T22:21:58.960+0530][gc,cpu      ] GC(6) User=0.03s Sys=0.00s Real=0.01s
[2026-06-09T22:22:13.766+0530][gc,heap,exit] Heap
[2026-06-09T22:22:13.766+0530][gc,heap,exit]  garbage-first heap   total 1048576K, used 165085K [0x00000000c0000000, 0x0000000100000000)
[2026-06-09T22:22:13.766+0530][gc,heap,exit]   region size 1024K, 18 young (18432K), 5 survivors (5120K)
[2026-06-09T22:22:13.766+0530][gc,heap,exit]  Metaspace       used 41493K, committed 42048K, reserved 1114112K
[2026-06-09T22:22:13.766+0530][gc,heap,exit]   class space    used 4963K, committed 5248K, reserved 1048576K
