[2026-06-10T11:45:41.229+0530][gc] Using G1
[2026-06-10T11:45:41.251+0530][gc,init] Version: 17.0.19+10-1-24.04.2-Ubuntu (release)
[2026-06-10T11:45:41.251+0530][gc,init] CPUs: 16 total, 12 available
[2026-06-10T11:45:41.251+0530][gc,init] Memory: 7275M
[2026-06-10T11:45:41.251+0530][gc,init] Large Page Support: Disabled
[2026-06-10T11:45:41.251+0530][gc,init] NUMA Support: Disabled
[2026-06-10T11:45:41.251+0530][gc,init] Compressed Oops: Enabled (32-bit)
[2026-06-10T11:45:41.251+0530][gc,init] Heap Region Size: 1M
[2026-06-10T11:45:41.251+0530][gc,init] Heap Min Capacity: 1G
[2026-06-10T11:45:41.251+0530][gc,init] Heap Initial Capacity: 1G
[2026-06-10T11:45:41.251+0530][gc,init] Heap Max Capacity: 1G
[2026-06-10T11:45:41.251+0530][gc,init] Pre-touch: Disabled
[2026-06-10T11:45:41.251+0530][gc,init] Parallel Workers: 10
[2026-06-10T11:45:41.251+0530][gc,init] Concurrent Workers: 3
[2026-06-10T11:45:41.251+0530][gc,init] Concurrent Refinement Workers: 10
[2026-06-10T11:45:41.251+0530][gc,init] Periodic GC: Disabled
[2026-06-10T11:45:41.263+0530][gc,metaspace] CDS archive(s) mapped at: [0x00007cdf0f000000-0x00007cdf0fbc7000-0x00007cdf0fbc7000), size 12349440, SharedBaseAddress: 0x00007cdf0f000000, ArchiveRelocationMode: 1.
[2026-06-10T11:45:41.263+0530][gc,metaspace] Compressed class space mapped at: 0x00007cdf10000000-0x00007cdf50000000, reserved size: 1073741824
[2026-06-10T11:45:41.263+0530][gc,metaspace] Narrow klass base: 0x00007cdf0f000000, Narrow klass shift: 0, Narrow klass range: 0x100000000
[2026-06-10T11:45:42.571+0530][gc,start    ] GC(0) Pause Young (Normal) (G1 Evacuation Pause)
[2026-06-10T11:45:42.574+0530][gc,task     ] GC(0) Using 10 workers of 10 for evacuation
[2026-06-10T11:45:42.578+0530][gc,phases   ] GC(0)   Pre Evacuate Collection Set: 0.11ms
[2026-06-10T11:45:42.578+0530][gc,phases   ] GC(0)   Merge Heap Roots: 0.12ms
[2026-06-10T11:45:42.578+0530][gc,phases   ] GC(0)   Evacuate Collection Set: 3.46ms
[2026-06-10T11:45:42.578+0530][gc,phases   ] GC(0)   Post Evacuate Collection Set: 0.52ms
[2026-06-10T11:45:42.578+0530][gc,phases   ] GC(0)   Other: 2.92ms
[2026-06-10T11:45:42.578+0530][gc,heap     ] GC(0) Eden regions: 51->0(44)
[2026-06-10T11:45:42.578+0530][gc,heap     ] GC(0) Survivor regions: 0->7(7)
[2026-06-10T11:45:42.578+0530][gc,heap     ] GC(0) Old regions: 0->1
[2026-06-10T11:45:42.578+0530][gc,heap     ] GC(0) Archive regions: 2->2
[2026-06-10T11:45:42.578+0530][gc,heap     ] GC(0) Humongous regions: 0->0
[2026-06-10T11:45:42.578+0530][gc,metaspace] GC(0) Metaspace: 18359K(18624K)->18359K(18624K) NonClass: 16192K(16320K)->16192K(16320K) Class: 2166K(2304K)->2166K(2304K)
[2026-06-10T11:45:42.578+0530][gc          ] GC(0) Pause Young (Normal) (G1 Evacuation Pause) 51M->8M(1024M) 7.254ms
[2026-06-10T11:45:42.579+0530][gc,cpu      ] GC(0) User=0.03s Sys=0.01s Real=0.01s
[2026-06-10T11:45:43.017+0530][gc,start    ] GC(1) Pause Young (Concurrent Start) (Metadata GC Threshold)
[2026-06-10T11:45:43.017+0530][gc,task     ] GC(1) Using 10 workers of 10 for evacuation
[2026-06-10T11:45:43.022+0530][gc,phases   ] GC(1)   Pre Evacuate Collection Set: 0.18ms
[2026-06-10T11:45:43.022+0530][gc,phases   ] GC(1)   Merge Heap Roots: 0.10ms
[2026-06-10T11:45:43.022+0530][gc,phases   ] GC(1)   Evacuate Collection Set: 3.85ms
[2026-06-10T11:45:43.022+0530][gc,phases   ] GC(1)   Post Evacuate Collection Set: 0.46ms
[2026-06-10T11:45:43.022+0530][gc,phases   ] GC(1)   Other: 0.38ms
[2026-06-10T11:45:43.022+0530][gc,heap     ] GC(1) Eden regions: 13->0(49)
[2026-06-10T11:45:43.022+0530][gc,heap     ] GC(1) Survivor regions: 7->2(7)
[2026-06-10T11:45:43.022+0530][gc,heap     ] GC(1) Old regions: 1->8
[2026-06-10T11:45:43.022+0530][gc,heap     ] GC(1) Archive regions: 2->2
[2026-06-10T11:45:43.022+0530][gc,heap     ] GC(1) Humongous regions: 129->129
[2026-06-10T11:45:43.022+0530][gc,metaspace] GC(1) Metaspace: 21263K(21504K)->21263K(21504K) NonClass: 18711K(18816K)->18711K(18816K) Class: 2551K(2688K)->2551K(2688K)
[2026-06-10T11:45:43.022+0530][gc          ] GC(1) Pause Young (Concurrent Start) (Metadata GC Threshold) 149M->138M(1024M) 5.073ms
[2026-06-10T11:45:43.023+0530][gc,cpu      ] GC(1) User=0.02s Sys=0.01s Real=0.00s
[2026-06-10T11:45:43.023+0530][gc          ] GC(2) Concurrent Mark Cycle
[2026-06-10T11:45:43.023+0530][gc,marking  ] GC(2) Concurrent Clear Claimed Marks
[2026-06-10T11:45:43.023+0530][gc,marking  ] GC(2) Concurrent Clear Claimed Marks 0.028ms
[2026-06-10T11:45:43.023+0530][gc,marking  ] GC(2) Concurrent Scan Root Regions
[2026-06-10T11:45:43.025+0530][gc,marking  ] GC(2) Concurrent Scan Root Regions 1.862ms
[2026-06-10T11:45:43.025+0530][gc,marking  ] GC(2) Concurrent Mark
[2026-06-10T11:45:43.025+0530][gc,marking  ] GC(2) Concurrent Mark From Roots
[2026-06-10T11:45:43.025+0530][gc,task     ] GC(2) Using 3 workers of 3 for marking
[2026-06-10T11:45:43.026+0530][gc,marking  ] GC(2) Concurrent Mark From Roots 1.672ms
[2026-06-10T11:45:43.026+0530][gc,marking  ] GC(2) Concurrent Preclean
[2026-06-10T11:45:43.026+0530][gc,marking  ] GC(2) Concurrent Preclean 0.157ms
[2026-06-10T11:45:43.027+0530][gc,start    ] GC(2) Pause Remark
[2026-06-10T11:45:43.028+0530][gc          ] GC(2) Pause Remark 139M->139M(1024M) 1.487ms
[2026-06-10T11:45:43.028+0530][gc,cpu      ] GC(2) User=0.00s Sys=0.00s Real=0.00s
[2026-06-10T11:45:43.028+0530][gc,marking  ] GC(2) Concurrent Mark 3.581ms
[2026-06-10T11:45:43.028+0530][gc,marking  ] GC(2) Concurrent Rebuild Remembered Sets
[2026-06-10T11:45:43.030+0530][gc,marking  ] GC(2) Concurrent Rebuild Remembered Sets 1.598ms
[2026-06-10T11:45:43.030+0530][gc,start    ] GC(2) Pause Cleanup
[2026-06-10T11:45:43.030+0530][gc          ] GC(2) Pause Cleanup 139M->139M(1024M) 0.195ms
[2026-06-10T11:45:43.030+0530][gc,cpu      ] GC(2) User=0.00s Sys=0.00s Real=0.00s
[2026-06-10T11:45:43.030+0530][gc,marking  ] GC(2) Concurrent Cleanup for Next Mark
[2026-06-10T11:45:43.039+0530][gc,marking  ] GC(2) Concurrent Cleanup for Next Mark 8.551ms
[2026-06-10T11:45:43.039+0530][gc          ] GC(2) Concurrent Mark Cycle 16.168ms
[2026-06-10T11:45:43.738+0530][gc,start    ] GC(3) Pause Young (Normal) (GCLocker Initiated GC)
[2026-06-10T11:45:43.738+0530][gc,task     ] GC(3) Using 10 workers of 10 for evacuation
[2026-06-10T11:45:43.741+0530][gc,phases   ] GC(3)   Pre Evacuate Collection Set: 0.11ms
[2026-06-10T11:45:43.741+0530][gc,phases   ] GC(3)   Merge Heap Roots: 0.06ms
[2026-06-10T11:45:43.741+0530][gc,phases   ] GC(3)   Evacuate Collection Set: 2.76ms
[2026-06-10T11:45:43.741+0530][gc,phases   ] GC(3)   Post Evacuate Collection Set: 0.47ms
[2026-06-10T11:45:43.741+0530][gc,phases   ] GC(3)   Other: 0.14ms
[2026-06-10T11:45:43.741+0530][gc,heap     ] GC(3) Eden regions: 50->0(44)
[2026-06-10T11:45:43.741+0530][gc,heap     ] GC(3) Survivor regions: 2->7(7)
[2026-06-10T11:45:43.741+0530][gc,heap     ] GC(3) Old regions: 8->8
[2026-06-10T11:45:43.741+0530][gc,heap     ] GC(3) Archive regions: 2->2
[2026-06-10T11:45:43.741+0530][gc,heap     ] GC(3) Humongous regions: 129->129
[2026-06-10T11:45:43.742+0530][gc,metaspace] GC(3) Metaspace: 32540K(32896K)->32540K(32896K) NonClass: 28933K(29120K)->28933K(29120K) Class: 3606K(3776K)->3606K(3776K)
[2026-06-10T11:45:43.742+0530][gc          ] GC(3) Pause Young (Normal) (GCLocker Initiated GC) 187M->143M(1024M) 3.648ms
[2026-06-10T11:45:43.742+0530][gc,cpu      ] GC(3) User=0.03s Sys=0.01s Real=0.00s
[2026-06-10T11:45:52.195+0530][gc,start    ] GC(4) Pause Young (Concurrent Start) (Metadata GC Threshold)
[2026-06-10T11:45:52.195+0530][gc,task     ] GC(4) Using 10 workers of 10 for evacuation
[2026-06-10T11:45:52.201+0530][gc,phases   ] GC(4)   Pre Evacuate Collection Set: 0.19ms
[2026-06-10T11:45:52.201+0530][gc,phases   ] GC(4)   Merge Heap Roots: 0.08ms
[2026-06-10T11:45:52.201+0530][gc,phases   ] GC(4)   Evacuate Collection Set: 4.44ms
[2026-06-10T11:45:52.201+0530][gc,phases   ] GC(4)   Post Evacuate Collection Set: 0.60ms
[2026-06-10T11:45:52.201+0530][gc,phases   ] GC(4)   Other: 0.30ms
[2026-06-10T11:45:52.201+0530][gc,heap     ] GC(4) Eden regions: 16->0(49)
[2026-06-10T11:45:52.201+0530][gc,heap     ] GC(4) Survivor regions: 7->2(7)
[2026-06-10T11:45:52.201+0530][gc,heap     ] GC(4) Old regions: 8->14
[2026-06-10T11:45:52.201+0530][gc,heap     ] GC(4) Archive regions: 2->2
[2026-06-10T11:45:52.201+0530][gc,heap     ] GC(4) Humongous regions: 129->129
[2026-06-10T11:45:52.201+0530][gc,metaspace] GC(4) Metaspace: 35618K(35968K)->35618K(35968K) NonClass: 31432K(31616K)->31432K(31616K) Class: 4185K(4352K)->4185K(4352K)
[2026-06-10T11:45:52.201+0530][gc          ] GC(4) Pause Young (Concurrent Start) (Metadata GC Threshold) 159M->144M(1024M) 5.769ms
[2026-06-10T11:45:52.201+0530][gc,cpu      ] GC(4) User=0.04s Sys=0.02s Real=0.00s
[2026-06-10T11:45:52.201+0530][gc          ] GC(5) Concurrent Mark Cycle
[2026-06-10T11:45:52.201+0530][gc,marking  ] GC(5) Concurrent Clear Claimed Marks
[2026-06-10T11:45:52.201+0530][gc,marking  ] GC(5) Concurrent Clear Claimed Marks 0.040ms
[2026-06-10T11:45:52.201+0530][gc,marking  ] GC(5) Concurrent Scan Root Regions
[2026-06-10T11:45:52.204+0530][gc,marking  ] GC(5) Concurrent Scan Root Regions 2.329ms
[2026-06-10T11:45:52.204+0530][gc,marking  ] GC(5) Concurrent Mark
[2026-06-10T11:45:52.204+0530][gc,marking  ] GC(5) Concurrent Mark From Roots
[2026-06-10T11:45:52.204+0530][gc,task     ] GC(5) Using 3 workers of 3 for marking
[2026-06-10T11:45:52.208+0530][gc,marking  ] GC(5) Concurrent Mark From Roots 4.483ms
[2026-06-10T11:45:52.208+0530][gc,marking  ] GC(5) Concurrent Preclean
[2026-06-10T11:45:52.208+0530][gc,marking  ] GC(5) Concurrent Preclean 0.196ms
[2026-06-10T11:45:52.209+0530][gc,start    ] GC(5) Pause Remark
[2026-06-10T11:45:52.210+0530][gc          ] GC(5) Pause Remark 144M->144M(1024M) 1.667ms
[2026-06-10T11:45:52.210+0530][gc,cpu      ] GC(5) User=0.01s Sys=0.00s Real=0.00s
[2026-06-10T11:45:52.210+0530][gc,marking  ] GC(5) Concurrent Mark 6.616ms
[2026-06-10T11:45:52.210+0530][gc,marking  ] GC(5) Concurrent Rebuild Remembered Sets
[2026-06-10T11:45:52.215+0530][gc,marking  ] GC(5) Concurrent Rebuild Remembered Sets 4.247ms
[2026-06-10T11:45:52.215+0530][gc,start    ] GC(5) Pause Cleanup
[2026-06-10T11:45:52.215+0530][gc          ] GC(5) Pause Cleanup 145M->145M(1024M) 0.139ms
[2026-06-10T11:45:52.215+0530][gc,cpu      ] GC(5) User=0.00s Sys=0.00s Real=0.01s
[2026-06-10T11:45:52.215+0530][gc,marking  ] GC(5) Concurrent Cleanup for Next Mark
[2026-06-10T11:45:52.221+0530][gc,marking  ] GC(5) Concurrent Cleanup for Next Mark 5.726ms
[2026-06-10T11:45:52.221+0530][gc          ] GC(5) Concurrent Mark Cycle 19.575ms
[2026-06-10T13:48:56.296+0530][gc,start    ] GC(6) Pause Young (Normal) (G1 Evacuation Pause)
[2026-06-10T13:48:56.296+0530][gc,task     ] GC(6) Using 10 workers of 10 for evacuation
[2026-06-10T13:48:56.298+0530][gc,phases   ] GC(6)   Pre Evacuate Collection Set: 0.20ms
[2026-06-10T13:48:56.298+0530][gc,phases   ] GC(6)   Merge Heap Roots: 0.09ms
[2026-06-10T13:48:56.298+0530][gc,phases   ] GC(6)   Evacuate Collection Set: 1.60ms
[2026-06-10T13:48:56.298+0530][gc,phases   ] GC(6)   Post Evacuate Collection Set: 0.45ms
[2026-06-10T13:48:56.299+0530][gc,phases   ] GC(6)   Other: 0.21ms
[2026-06-10T13:48:56.299+0530][gc,heap     ] GC(6) Eden regions: 49->0(49)
[2026-06-10T13:48:56.299+0530][gc,heap     ] GC(6) Survivor regions: 2->2(7)
[2026-06-10T13:48:56.299+0530][gc,heap     ] GC(6) Old regions: 14->14
[2026-06-10T13:48:56.299+0530][gc,heap     ] GC(6) Archive regions: 2->2
[2026-06-10T13:48:56.299+0530][gc,heap     ] GC(6) Humongous regions: 129->129
[2026-06-10T13:48:56.299+0530][gc,metaspace] GC(6) Metaspace: 38187K(38592K)->38187K(38592K) NonClass: 33675K(33920K)->33675K(33920K) Class: 4512K(4672K)->4512K(4672K)
[2026-06-10T13:48:56.299+0530][gc          ] GC(6) Pause Young (Normal) (G1 Evacuation Pause) 193M->144M(1024M) 2.656ms
[2026-06-10T13:48:56.299+0530][gc,cpu      ] GC(6) User=0.02s Sys=0.00s Real=0.00s
[2026-06-10T14:54:46.755+0530][gc,start    ] GC(7) Pause Young (Normal) (G1 Evacuation Pause)
[2026-06-10T14:54:46.755+0530][gc,task     ] GC(7) Using 10 workers of 10 for evacuation
[2026-06-10T14:54:46.758+0530][gc,phases   ] GC(7)   Pre Evacuate Collection Set: 0.17ms
[2026-06-10T14:54:46.758+0530][gc,phases   ] GC(7)   Merge Heap Roots: 0.08ms
[2026-06-10T14:54:46.758+0530][gc,phases   ] GC(7)   Evacuate Collection Set: 1.58ms
[2026-06-10T14:54:46.758+0530][gc,phases   ] GC(7)   Post Evacuate Collection Set: 0.55ms
[2026-06-10T14:54:46.758+0530][gc,phases   ] GC(7)   Other: 0.20ms
[2026-06-10T14:54:46.758+0530][gc,heap     ] GC(7) Eden regions: 49->0(50)
[2026-06-10T14:54:46.758+0530][gc,heap     ] GC(7) Survivor regions: 2->2(7)
[2026-06-10T14:54:46.758+0530][gc,heap     ] GC(7) Old regions: 14->14
[2026-06-10T14:54:46.758+0530][gc,heap     ] GC(7) Archive regions: 2->2
[2026-06-10T14:54:46.758+0530][gc,heap     ] GC(7) Humongous regions: 129->129
[2026-06-10T14:54:46.758+0530][gc,metaspace] GC(7) Metaspace: 38378K(38784K)->38378K(38784K) NonClass: 33862K(34112K)->33862K(34112K) Class: 4516K(4672K)->4516K(4672K)
[2026-06-10T14:54:46.758+0530][gc          ] GC(7) Pause Young (Normal) (G1 Evacuation Pause) 193M->144M(1024M) 2.677ms
[2026-06-10T14:54:46.758+0530][gc,cpu      ] GC(7) User=0.01s Sys=0.00s Real=0.00s
[2026-06-10T15:51:44.792+0530][gc,start    ] GC(8) Pause Young (Normal) (G1 Evacuation Pause)
[2026-06-10T15:51:44.792+0530][gc,task     ] GC(8) Using 10 workers of 10 for evacuation
[2026-06-10T15:51:44.794+0530][gc,phases   ] GC(8)   Pre Evacuate Collection Set: 0.13ms
[2026-06-10T15:51:44.794+0530][gc,phases   ] GC(8)   Merge Heap Roots: 0.09ms
[2026-06-10T15:51:44.794+0530][gc,phases   ] GC(8)   Evacuate Collection Set: 1.77ms
[2026-06-10T15:51:44.794+0530][gc,phases   ] GC(8)   Post Evacuate Collection Set: 0.70ms
[2026-06-10T15:51:44.794+0530][gc,phases   ] GC(8)   Other: 0.17ms
[2026-06-10T15:51:44.794+0530][gc,heap     ] GC(8) Eden regions: 50->0(73)
[2026-06-10T15:51:44.794+0530][gc,heap     ] GC(8) Survivor regions: 2->2(7)
[2026-06-10T15:51:44.794+0530][gc,heap     ] GC(8) Old regions: 14->14
[2026-06-10T15:51:44.794+0530][gc,heap     ] GC(8) Archive regions: 2->2
[2026-06-10T15:51:44.794+0530][gc,heap     ] GC(8) Humongous regions: 129->129
[2026-06-10T15:51:44.794+0530][gc,metaspace] GC(8) Metaspace: 39087K(39552K)->39087K(39552K) NonClass: 34417K(34688K)->34417K(34688K) Class: 4670K(4864K)->4670K(4864K)
[2026-06-10T15:51:44.795+0530][gc          ] GC(8) Pause Young (Normal) (G1 Evacuation Pause) 194M->144M(1024M) 2.990ms
[2026-06-10T15:51:44.795+0530][gc,cpu      ] GC(8) User=0.01s Sys=0.01s Real=0.00s
[2026-06-10T15:51:44.804+0530][gc,heap,exit] Heap
[2026-06-10T15:51:44.804+0530][gc,heap,exit]  garbage-first heap   total 1048576K, used 150289K [0x00000000c0000000, 0x0000000100000000)
[2026-06-10T15:51:44.804+0530][gc,heap,exit]   region size 1024K, 4 young (4096K), 2 survivors (2048K)
[2026-06-10T15:51:44.804+0530][gc,heap,exit]  Metaspace       used 39111K, committed 39552K, reserved 1114112K
[2026-06-10T15:51:44.804+0530][gc,heap,exit]   class space    used 4677K, committed 4864K, reserved 1048576K
