[2026-06-16T13:10:20.374+0530][gc] Using G1
[2026-06-16T13:10:20.386+0530][gc,init] Version: 17.0.19+10-1-24.04.2-Ubuntu (release)
[2026-06-16T13:10:20.386+0530][gc,init] CPUs: 16 total, 12 available
[2026-06-16T13:10:20.386+0530][gc,init] Memory: 7275M
[2026-06-16T13:10:20.386+0530][gc,init] Large Page Support: Disabled
[2026-06-16T13:10:20.386+0530][gc,init] NUMA Support: Disabled
[2026-06-16T13:10:20.386+0530][gc,init] Compressed Oops: Enabled (32-bit)
[2026-06-16T13:10:20.386+0530][gc,init] Heap Region Size: 1M
[2026-06-16T13:10:20.386+0530][gc,init] Heap Min Capacity: 512M
[2026-06-16T13:10:20.386+0530][gc,init] Heap Initial Capacity: 512M
[2026-06-16T13:10:20.386+0530][gc,init] Heap Max Capacity: 512M
[2026-06-16T13:10:20.386+0530][gc,init] Pre-touch: Disabled
[2026-06-16T13:10:20.386+0530][gc,init] Parallel Workers: 10
[2026-06-16T13:10:20.386+0530][gc,init] Concurrent Workers: 3
[2026-06-16T13:10:20.386+0530][gc,init] Concurrent Refinement Workers: 10
[2026-06-16T13:10:20.386+0530][gc,init] Periodic GC: Disabled
[2026-06-16T13:10:20.399+0530][gc,metaspace] CDS archive(s) mapped at: [0x0000710e07000000-0x0000710e07bc7000-0x0000710e07bc7000), size 12349440, SharedBaseAddress: 0x0000710e07000000, ArchiveRelocationMode: 1.
[2026-06-16T13:10:20.399+0530][gc,metaspace] Compressed class space mapped at: 0x0000710e08000000-0x0000710e48000000, reserved size: 1073741824
[2026-06-16T13:10:20.399+0530][gc,metaspace] Narrow klass base: 0x0000710e07000000, Narrow klass shift: 0, Narrow klass range: 0x100000000
[2026-06-16T13:10:26.718+0530][gc,start    ] GC(0) Pause Young (Normal) (G1 Evacuation Pause)
[2026-06-16T13:10:26.720+0530][gc,task     ] GC(0) Using 10 workers of 10 for evacuation
[2026-06-16T13:10:26.724+0530][gc,phases   ] GC(0)   Pre Evacuate Collection Set: 0.09ms
[2026-06-16T13:10:26.724+0530][gc,phases   ] GC(0)   Merge Heap Roots: 0.07ms
[2026-06-16T13:10:26.724+0530][gc,phases   ] GC(0)   Evacuate Collection Set: 2.85ms
[2026-06-16T13:10:26.724+0530][gc,phases   ] GC(0)   Post Evacuate Collection Set: 0.43ms
[2026-06-16T13:10:26.724+0530][gc,phases   ] GC(0)   Other: 2.53ms
[2026-06-16T13:10:26.724+0530][gc,heap     ] GC(0) Eden regions: 25->0(21)
[2026-06-16T13:10:26.724+0530][gc,heap     ] GC(0) Survivor regions: 0->4(4)
[2026-06-16T13:10:26.724+0530][gc,heap     ] GC(0) Old regions: 0->4
[2026-06-16T13:10:26.724+0530][gc,heap     ] GC(0) Archive regions: 2->2
[2026-06-16T13:10:26.724+0530][gc,heap     ] GC(0) Humongous regions: 0->0
[2026-06-16T13:10:26.724+0530][gc,metaspace] GC(0) Metaspace: 8008K(8128K)->8008K(8128K) NonClass: 7116K(7168K)->7116K(7168K) Class: 891K(960K)->891K(960K)
[2026-06-16T13:10:26.724+0530][gc          ] GC(0) Pause Young (Normal) (G1 Evacuation Pause) 25M->8M(512M) 6.116ms
[2026-06-16T13:10:26.724+0530][gc,cpu      ] GC(0) User=0.02s Sys=0.02s Real=0.01s
[2026-06-16T13:17:18.235+0530][gc,heap,exit] Heap
[2026-06-16T13:17:18.235+0530][gc,heap,exit]  garbage-first heap   total 524288K, used 14592K [0x00000000e0000000, 0x0000000100000000)
[2026-06-16T13:17:18.235+0530][gc,heap,exit]   region size 1024K, 10 young (10240K), 4 survivors (4096K)
[2026-06-16T13:17:18.235+0530][gc,heap,exit]  Metaspace       used 8571K, committed 8768K, reserved 1114112K
[2026-06-16T13:17:18.235+0530][gc,heap,exit]   class space    used 938K, committed 1024K, reserved 1048576K
