[2026-06-11T17:14:11.522+0530][gc] Using G1
[2026-06-11T17:14:11.527+0530][gc,init] Version: 17.0.19+10-1-24.04.2-Ubuntu (release)
[2026-06-11T17:14:11.527+0530][gc,init] CPUs: 16 total, 12 available
[2026-06-11T17:14:11.527+0530][gc,init] Memory: 7275M
[2026-06-11T17:14:11.527+0530][gc,init] Large Page Support: Disabled
[2026-06-11T17:14:11.527+0530][gc,init] NUMA Support: Disabled
[2026-06-11T17:14:11.527+0530][gc,init] Compressed Oops: Enabled (32-bit)
[2026-06-11T17:14:11.527+0530][gc,init] Heap Region Size: 1M
[2026-06-11T17:14:11.527+0530][gc,init] Heap Min Capacity: 512M
[2026-06-11T17:14:11.527+0530][gc,init] Heap Initial Capacity: 512M
[2026-06-11T17:14:11.527+0530][gc,init] Heap Max Capacity: 512M
[2026-06-11T17:14:11.527+0530][gc,init] Pre-touch: Disabled
[2026-06-11T17:14:11.527+0530][gc,init] Parallel Workers: 10
[2026-06-11T17:14:11.527+0530][gc,init] Concurrent Workers: 3
[2026-06-11T17:14:11.527+0530][gc,init] Concurrent Refinement Workers: 10
[2026-06-11T17:14:11.527+0530][gc,init] Periodic GC: Disabled
[2026-06-11T17:14:11.534+0530][gc,metaspace] CDS archive(s) mapped at: [0x0000799193000000-0x0000799193bc7000-0x0000799193bc7000), size 12349440, SharedBaseAddress: 0x0000799193000000, ArchiveRelocationMode: 1.
[2026-06-11T17:14:11.534+0530][gc,metaspace] Compressed class space mapped at: 0x0000799194000000-0x00007991d4000000, reserved size: 1073741824
[2026-06-11T17:14:11.534+0530][gc,metaspace] Narrow klass base: 0x0000799193000000, Narrow klass shift: 0, Narrow klass range: 0x100000000
[2026-06-11T17:15:53.062+0530][gc,start    ] GC(0) Pause Young (Normal) (G1 Evacuation Pause)
[2026-06-11T17:15:53.062+0530][gc,task     ] GC(0) Using 10 workers of 10 for evacuation
[2026-06-11T17:15:53.065+0530][gc,phases   ] GC(0)   Pre Evacuate Collection Set: 0.06ms
[2026-06-11T17:15:53.065+0530][gc,phases   ] GC(0)   Merge Heap Roots: 0.04ms
[2026-06-11T17:15:53.065+0530][gc,phases   ] GC(0)   Evacuate Collection Set: 2.16ms
[2026-06-11T17:15:53.065+0530][gc,phases   ] GC(0)   Post Evacuate Collection Set: 0.29ms
[2026-06-11T17:15:53.065+0530][gc,phases   ] GC(0)   Other: 0.75ms
[2026-06-11T17:15:53.065+0530][gc,heap     ] GC(0) Eden regions: 25->0(21)
[2026-06-11T17:15:53.065+0530][gc,heap     ] GC(0) Survivor regions: 0->4(4)
[2026-06-11T17:15:53.065+0530][gc,heap     ] GC(0) Old regions: 0->4
[2026-06-11T17:15:53.065+0530][gc,heap     ] GC(0) Archive regions: 2->2
[2026-06-11T17:15:53.065+0530][gc,heap     ] GC(0) Humongous regions: 0->0
[2026-06-11T17:15:53.065+0530][gc,metaspace] GC(0) Metaspace: 7985K(8128K)->7985K(8128K) NonClass: 7094K(7168K)->7094K(7168K) Class: 890K(960K)->890K(960K)
[2026-06-11T17:15:53.065+0530][gc          ] GC(0) Pause Young (Normal) (G1 Evacuation Pause) 25M->8M(512M) 3.421ms
[2026-06-11T17:15:53.065+0530][gc,cpu      ] GC(0) User=0.01s Sys=0.01s Real=0.01s
[2026-06-11T19:40:07.461+0530][gc,heap,exit] Heap
[2026-06-11T19:40:07.462+0530][gc,heap,exit]  garbage-first heap   total 524288K, used 23805K [0x00000000e0000000, 0x0000000100000000)
[2026-06-11T19:40:07.462+0530][gc,heap,exit]   region size 1024K, 19 young (19456K), 4 survivors (4096K)
[2026-06-11T19:40:07.462+0530][gc,heap,exit]  Metaspace       used 8883K, committed 9088K, reserved 1114112K
[2026-06-11T19:40:07.462+0530][gc,heap,exit]   class space    used 938K, committed 1024K, reserved 1048576K
