[2026-06-15T19:47:46.777+0530][gc] Using G1
[2026-06-15T19:47:46.783+0530][gc,init] Version: 17.0.19+10-1-24.04.2-Ubuntu (release)
[2026-06-15T19:47:46.783+0530][gc,init] CPUs: 16 total, 12 available
[2026-06-15T19:47:46.783+0530][gc,init] Memory: 7275M
[2026-06-15T19:47:46.783+0530][gc,init] Large Page Support: Disabled
[2026-06-15T19:47:46.783+0530][gc,init] NUMA Support: Disabled
[2026-06-15T19:47:46.783+0530][gc,init] Compressed Oops: Enabled (32-bit)
[2026-06-15T19:47:46.783+0530][gc,init] Heap Region Size: 1M
[2026-06-15T19:47:46.783+0530][gc,init] Heap Min Capacity: 512M
[2026-06-15T19:47:46.783+0530][gc,init] Heap Initial Capacity: 512M
[2026-06-15T19:47:46.783+0530][gc,init] Heap Max Capacity: 512M
[2026-06-15T19:47:46.783+0530][gc,init] Pre-touch: Disabled
[2026-06-15T19:47:46.783+0530][gc,init] Parallel Workers: 10
[2026-06-15T19:47:46.783+0530][gc,init] Concurrent Workers: 3
[2026-06-15T19:47:46.783+0530][gc,init] Concurrent Refinement Workers: 10
[2026-06-15T19:47:46.783+0530][gc,init] Periodic GC: Disabled
[2026-06-15T19:47:46.790+0530][gc,metaspace] CDS archive(s) mapped at: [0x000072161b000000-0x000072161bbc7000-0x000072161bbc7000), size 12349440, SharedBaseAddress: 0x000072161b000000, ArchiveRelocationMode: 1.
[2026-06-15T19:47:46.790+0530][gc,metaspace] Compressed class space mapped at: 0x000072161c000000-0x000072165c000000, reserved size: 1073741824
[2026-06-15T19:47:46.790+0530][gc,metaspace] Narrow klass base: 0x000072161b000000, Narrow klass shift: 0, Narrow klass range: 0x100000000
[2026-06-15T19:47:47.183+0530][gc,heap,exit] Heap
[2026-06-15T19:47:47.183+0530][gc,heap,exit]  garbage-first heap   total 524288K, used 19892K [0x00000000e0000000, 0x0000000100000000)
[2026-06-15T19:47:47.183+0530][gc,heap,exit]   region size 1024K, 19 young (19456K), 0 survivors (0K)
[2026-06-15T19:47:47.183+0530][gc,heap,exit]  Metaspace       used 7011K, committed 7232K, reserved 1114112K
[2026-06-15T19:47:47.183+0530][gc,heap,exit]   class space    used 780K, committed 896K, reserved 1048576K
